+ export MYUSER=eltex-v44
+ MYUSER=eltex-v44
+ export LC_ALL=C
+ LC_ALL=C
+ echo '===== ПРАКТИКА 2. РАЗДЕЛ 2 ====='
===== ПРАКТИКА 2. РАЗДЕЛ 2 =====
+ echo 'Пользователь практики 1: eltex-v44'
Пользователь практики 1: eltex-v44
+ echo

+ echo '===== ЗАДАНИЕ 1 ====='
===== ЗАДАНИЕ 1 =====
+ echo 'Записи журнала загрузки за первые 20 секунд'
Записи журнала загрузки за первые 20 секунд
+ echo

+ uptime -s
2026-07-09 15:09:47
+ journalctl -b -o short-monotonic --no-pager
+ awk '
{
    line=$0
    sub(/^\[[[:space:]]*/, "", line)
    split(line, fields, "]")
    seconds=fields[1] + 0

    if (seconds <= 20) {
        print
    } else {
        exit
    }
}'
[    0.000000] localhost kernel: Linux version 6.8.0-134-generic (buildd@lcy02-amd64-007) (x86_64-linux-gnu-gcc-13 (Ubuntu 13.3.0-6ubuntu2~24.04.1) 13.3.0, GNU ld (GNU Binutils for Ubuntu) 2.42) #134-Ubuntu SMP PREEMPT_DYNAMIC Fri Jun 26 18:43:11 UTC 2026 (Ubuntu 6.8.0-134.134-generic 6.8.12)
[    0.000000] localhost kernel: Command line: BOOT_IMAGE=/vmlinuz-6.8.0-134-generic root=/dev/mapper/ubuntu--vg-ubuntu--lv ro
[    0.000000] localhost kernel: KERNEL supported cpus:
[    0.000000] localhost kernel:   Intel GenuineIntel
[    0.000000] localhost kernel:   AMD AuthenticAMD
[    0.000000] localhost kernel:   Hygon HygonGenuine
[    0.000000] localhost kernel:   Centaur CentaurHauls
[    0.000000] localhost kernel:   zhaoxin   Shanghai  
[    0.000000] localhost kernel: BIOS-provided physical RAM map:
[    0.000000] localhost kernel: BIOS-e820: [mem 0x0000000000000000-0x000000000009fbff] usable
[    0.000000] localhost kernel: BIOS-e820: [mem 0x000000000009fc00-0x000000000009ffff] reserved
[    0.000000] localhost kernel: BIOS-e820: [mem 0x00000000000f0000-0x00000000000fffff] reserved
[    0.000000] localhost kernel: BIOS-e820: [mem 0x0000000000100000-0x00000000bffd9fff] usable
[    0.000000] localhost kernel: BIOS-e820: [mem 0x00000000bffda000-0x00000000bfffffff] reserved
[    0.000000] localhost kernel: BIOS-e820: [mem 0x00000000feffc000-0x00000000feffffff] reserved
[    0.000000] localhost kernel: BIOS-e820: [mem 0x00000000fffc0000-0x00000000ffffffff] reserved
[    0.000000] localhost kernel: BIOS-e820: [mem 0x0000000100000000-0x000000013fffffff] usable
[    0.000000] localhost kernel: BIOS-e820: [mem 0x000000fd00000000-0x000000ffffffffff] reserved
[    0.000000] localhost kernel: NX (Execute Disable) protection: active
[    0.000000] localhost kernel: APIC: Static calls initialized
[    0.000000] localhost kernel: SMBIOS 2.8 present.
[    0.000000] localhost kernel: DMI: QEMU Standard PC (i440FX + PIIX, 1996), BIOS rel-1.17.0-0-gb52ca86e094d-prebuilt.qemu.org 04/01/2014
[    0.000000] localhost kernel: Hypervisor detected: KVM
[    0.000000] localhost kernel: kvm-clock: Using msrs 4b564d01 and 4b564d00
[    0.000000] localhost kernel: kvm-clock: using sched offset of 467626638483 cycles
[    0.000002] localhost kernel: clocksource: kvm-clock: mask: 0xffffffffffffffff max_cycles: 0x1cd42e4dffb, max_idle_ns: 881590591483 ns
[    0.000003] localhost kernel: tsc: Detected 3399.996 MHz processor
[    0.000728] localhost kernel: e820: update [mem 0x00000000-0x00000fff] usable ==> reserved
[    0.000730] localhost kernel: e820: remove [mem 0x000a0000-0x000fffff] usable
[    0.084839] localhost kernel: AGP: No AGP bridge found
[    0.085580] localhost kernel: last_pfn = 0x140000 max_arch_pfn = 0x400000000
[    0.085617] localhost kernel: MTRR map: 4 entries (3 fixed + 1 variable; max 19), built from 8 variable MTRRs
[    0.085620] localhost kernel: x86/PAT: Configuration [0-7]: WB  WC  UC- UC  WB  WP  UC- WT  
[    0.085665] localhost kernel: last_pfn = 0xbffda max_arch_pfn = 0x400000000
[    0.087190] localhost kernel: found SMP MP-table at [mem 0x000f5490-0x000f549f]
[    0.087406] localhost kernel: RAMDISK: [mem 0x2edf1000-0x336effff]
[    0.087755] localhost kernel: ACPI: Early table checksum verification disabled
[    0.087757] localhost kernel: ACPI: RSDP 0x00000000000F5290 000014 (v00 BOCHS )
[    0.087761] localhost kernel: ACPI: RSDT 0x00000000BFFE3B52 000034 (v01 BOCHS  BXPC     00000001 BXPC 00000001)
[    0.087765] localhost kernel: ACPI: FACP 0x00000000BFFE396C 000074 (v01 BOCHS  BXPC     00000001 BXPC 00000001)
[    0.087768] localhost kernel: ACPI: DSDT 0x00000000BFFDF040 00492C (v01 BOCHS  BXPC     00000001 BXPC 00000001)
[    0.087771] localhost kernel: ACPI: FACS 0x00000000BFFDF000 000040
[    0.087772] localhost kernel: ACPI: APIC 0x00000000BFFE39E0 000080 (v03 BOCHS  BXPC     00000001 BXPC 00000001)
[    0.087774] localhost kernel: ACPI: SSDT 0x00000000BFFE3A60 0000CA (v01 BOCHS  VMGENID  00000001 BXPC 00000001)
[    0.087776] localhost kernel: ACPI: WAET 0x00000000BFFE3B2A 000028 (v01 BOCHS  BXPC     00000001 BXPC 00000001)
[    0.087777] localhost kernel: ACPI: Reserving FACP table memory at [mem 0xbffe396c-0xbffe39df]
[    0.087778] localhost kernel: ACPI: Reserving DSDT table memory at [mem 0xbffdf040-0xbffe396b]
[    0.087779] localhost kernel: ACPI: Reserving FACS table memory at [mem 0xbffdf000-0xbffdf03f]
[    0.087779] localhost kernel: ACPI: Reserving APIC table memory at [mem 0xbffe39e0-0xbffe3a5f]
[    0.087780] localhost kernel: ACPI: Reserving SSDT table memory at [mem 0xbffe3a60-0xbffe3b29]
[    0.087781] localhost kernel: ACPI: Reserving WAET table memory at [mem 0xbffe3b2a-0xbffe3b51]
[    0.088239] localhost kernel: No NUMA configuration found
[    0.088241] localhost kernel: Faking a node at [mem 0x0000000000000000-0x000000013fffffff]
[    0.088248] localhost kernel: NODE_DATA(0) allocated [mem 0x13ffd2000-0x13fffcfff]
[    0.088389] localhost kernel: Zone ranges:
[    0.088390] localhost kernel:   DMA      [mem 0x0000000000001000-0x0000000000ffffff]
[    0.088391] localhost kernel:   DMA32    [mem 0x0000000001000000-0x00000000ffffffff]
[    0.088392] localhost kernel:   Normal   [mem 0x0000000100000000-0x000000013fffffff]
[    0.088393] localhost kernel:   Device   empty
[    0.088394] localhost kernel: Movable zone start for each node
[    0.088395] localhost kernel: Early memory node ranges
[    0.088396] localhost kernel:   node   0: [mem 0x0000000000001000-0x000000000009efff]
[    0.088397] localhost kernel:   node   0: [mem 0x0000000000100000-0x00000000bffd9fff]
[    0.088397] localhost kernel:   node   0: [mem 0x0000000100000000-0x000000013fffffff]
[    0.088398] localhost kernel: Initmem setup node 0 [mem 0x0000000000001000-0x000000013fffffff]
[    0.088503] localhost kernel: On node 0, zone DMA: 1 pages in unavailable ranges
[    0.088513] localhost kernel: On node 0, zone DMA: 97 pages in unavailable ranges
[    0.094003] localhost kernel: On node 0, zone Normal: 38 pages in unavailable ranges
[    0.095729] localhost kernel: ACPI: PM-Timer IO Port: 0x608
[    0.095740] localhost kernel: ACPI: LAPIC_NMI (acpi_id[0xff] dfl dfl lint[0x1])
[    0.095766] localhost kernel: IOAPIC[0]: apic_id 0, version 17, address 0xfec00000, GSI 0-23
[    0.095768] localhost kernel: ACPI: INT_SRC_OVR (bus 0 bus_irq 0 global_irq 2 dfl dfl)
[    0.095769] localhost kernel: ACPI: INT_SRC_OVR (bus 0 bus_irq 5 global_irq 5 high level)
[    0.095770] localhost kernel: ACPI: INT_SRC_OVR (bus 0 bus_irq 9 global_irq 9 high level)
[    0.095771] localhost kernel: ACPI: INT_SRC_OVR (bus 0 bus_irq 10 global_irq 10 high level)
[    0.095772] localhost kernel: ACPI: INT_SRC_OVR (bus 0 bus_irq 11 global_irq 11 high level)
[    0.095774] localhost kernel: ACPI: Using ACPI (MADT) for SMP configuration information
[    0.095775] localhost kernel: smpboot: Allowing 2 CPUs, 0 hotplug CPUs
[    0.095793] localhost kernel: kvm-guest: APIC: eoi() replaced with kvm_guest_apic_eoi_write()
[    0.095805] localhost kernel: PM: hibernation: Registered nosave memory: [mem 0x00000000-0x00000fff]
[    0.095806] localhost kernel: PM: hibernation: Registered nosave memory: [mem 0x0009f000-0x000fffff]
[    0.095807] localhost kernel: PM: hibernation: Registered nosave memory: [mem 0xbffda000-0xffffffff]
[    0.095808] localhost kernel: [mem 0xc0000000-0xfeffbfff] available for PCI devices
[    0.095809] localhost kernel: Booting paravirtualized kernel on KVM
[    0.095811] localhost kernel: clocksource: refined-jiffies: mask: 0xffffffff max_cycles: 0xffffffff, max_idle_ns: 1910969940391419 ns
[    0.095815] localhost kernel: setup_percpu: NR_CPUS:8192 nr_cpumask_bits:2 nr_cpu_ids:2 nr_node_ids:1
[    0.095996] localhost kernel: percpu: Embedded 86 pages/cpu s229376 r8192 d114688 u1048576
[    0.095999] localhost kernel: pcpu-alloc: s229376 r8192 d114688 u1048576 alloc=1*2097152
[    0.096001] localhost kernel: pcpu-alloc: [0] 0 1 
[    0.096022] localhost kernel: kvm-guest: PV spinlocks enabled
[    0.096024] localhost kernel: PV qspinlock hash table entries: 256 (order: 0, 4096 bytes, linear)
[    0.096026] localhost kernel: Kernel command line: BOOT_IMAGE=/vmlinuz-6.8.0-134-generic root=/dev/mapper/ubuntu--vg-ubuntu--lv ro
[    0.096370] localhost kernel: Dentry cache hash table entries: 524288 (order: 10, 4194304 bytes, linear)
[    0.096548] localhost kernel: Inode-cache hash table entries: 262144 (order: 9, 2097152 bytes, linear)
[    0.096569] localhost kernel: Fallback order for Node 0: 0 
[    0.096571] localhost kernel: Built 1 zonelists, mobility grouping on.  Total pages: 1031898
[    0.096572] localhost kernel: Policy zone: Normal
[    0.096576] localhost kernel: mem auto-init: stack:all(zero), heap alloc:on, heap free:off
[    0.096577] localhost kernel: AGP: Checking aperture...
[    0.181714] localhost kernel: AGP: No AGP bridge found
[    0.182468] localhost kernel: software IO TLB: area num 2.
[    0.196795] localhost kernel: Memory: 3925880K/4193760K available (22528K kernel code, 4439K rwdata, 14420K rodata, 4924K init, 4788K bss, 267620K reserved, 0K cma-reserved)
[    0.215335] localhost kernel: SLUB: HWalign=64, Order=0-3, MinObjects=0, CPUs=2, Nodes=1
[    0.215422] localhost kernel: ftrace: allocating 58301 entries in 228 pages
[    0.224757] localhost kernel: ftrace: allocated 228 pages with 4 groups
[    0.225456] localhost kernel: Dynamic Preempt: voluntary
[    0.225740] localhost kernel: rcu: Preemptible hierarchical RCU implementation.
[    0.225741] localhost kernel: rcu:         RCU restricting CPUs from NR_CPUS=8192 to nr_cpu_ids=2.
[    0.225743] localhost kernel:         Trampoline variant of Tasks RCU enabled.
[    0.225743] localhost kernel:         Rude variant of Tasks RCU enabled.
[    0.225744] localhost kernel:         Tracing variant of Tasks RCU enabled.
[    0.225744] localhost kernel: rcu: RCU calculated value of scheduler-enlistment delay is 100 jiffies.
[    0.225745] localhost kernel: rcu: Adjusting geometry for rcu_fanout_leaf=16, nr_cpu_ids=2
[    0.225753] localhost kernel: RCU Tasks: Setting shift to 1 and lim to 1 rcu_task_cb_adjust=1 rcu_task_cpu_ids=2.
[    0.225754] localhost kernel: RCU Tasks Rude: Setting shift to 1 and lim to 1 rcu_task_cb_adjust=1 rcu_task_cpu_ids=2.
[    0.225755] localhost kernel: RCU Tasks Trace: Setting shift to 1 and lim to 1 rcu_task_cb_adjust=1 rcu_task_cpu_ids=2.
[    0.228365] localhost kernel: NR_IRQS: 524544, nr_irqs: 440, preallocated irqs: 16
[    0.228556] localhost kernel: rcu: srcu_init: Setting srcu_struct sizes based on contention.
[    0.228608] localhost kernel: Console: colour dummy device 80x25
[    0.228609] localhost kernel: printk: legacy console [tty0] enabled
[    0.228841] localhost kernel: ACPI: Core revision 20230628
[    0.228985] localhost kernel: APIC: Switch to symmetric I/O mode setup
[    0.229158] localhost kernel: x2apic enabled
[    0.229403] localhost kernel: APIC: Switched APIC routing to: physical x2apic
[    0.230423] localhost kernel: ..TIMER: vector=0x30 apic1=0 pin1=2 apic2=-1 pin2=-1
[    0.230447] localhost kernel: tsc: Marking TSC unstable due to TSCs unsynchronized
[    0.230452] localhost kernel: Calibrating delay loop (skipped) preset value.. 6799.99 BogoMIPS (lpj=3399996)
[    0.230600] localhost kernel: process: using AMD E400 aware idle routine
[    0.230606] localhost kernel: Last level iTLB entries: 4KB 512, 2MB 255, 4MB 127
[    0.230608] localhost kernel: Last level dTLB entries: 4KB 512, 2MB 255, 4MB 127, 1GB 0
[    0.230612] localhost kernel: Spectre V1 : Mitigation: usercopy/swapgs barriers and __user pointer sanitization
[    0.230615] localhost kernel: Spectre V2 : Mitigation: Retpolines
[    0.230617] localhost kernel: Spectre V2 : Spectre v2 / SpectreRSB: Filling RSB on context switch and VMEXIT
[    0.230623] localhost kernel: x86/fpu: x87 FPU will use FXSAVE
[    0.251153] localhost kernel: Freeing SMP alternatives memory: 48K
[    0.251159] localhost kernel: pid_max: default: 32768 minimum: 301
[    0.251509] localhost kernel: LSM: initializing lsm=lockdown,capability,landlock,yama,apparmor,integrity
[    0.251623] localhost kernel: landlock: Up and running.
[    0.251624] localhost kernel: Yama: becoming mindful.
[    0.251674] localhost kernel: AppArmor: AppArmor initialized
[    0.251799] localhost kernel: Mount-cache hash table entries: 8192 (order: 4, 65536 bytes, linear)
[    0.251805] localhost kernel: Mountpoint-cache hash table entries: 8192 (order: 4, 65536 bytes, linear)
[    0.354308] localhost kernel: smpboot: CPU0: AMD QEMU Virtual CPU version 2.5+ (family: 0xf, model: 0x6b, stepping: 0x1)
[    0.354450] localhost kernel: Performance Events: PMU not available due to virtualization, using software events only.
[    0.354450] localhost kernel: signal: max sigframe size: 1440
[    0.354450] localhost kernel: rcu: Hierarchical SRCU implementation.
[    0.354450] localhost kernel: rcu:         Max phase no-delay instances is 400.
[    0.354450] localhost kernel: NMI watchdog: Perf NMI watchdog permanently disabled
[    0.354450] localhost kernel: smp: Bringing up secondary CPUs ...
[    0.354450] localhost kernel: smpboot: x86: Booting SMP configuration:
[    0.354450] localhost kernel: .... node  #0, CPUs:      #1
[    0.354485] localhost kernel: smp: Brought up 1 node, 2 CPUs
[    0.354485] localhost kernel: smpboot: Max logical packages: 1
[    0.354485] localhost kernel: smpboot: Total of 2 processors activated (13599.98 BogoMIPS)
[    0.354747] localhost kernel: devtmpfs: initialized
[    0.354747] localhost kernel: x86/mm: Memory block size: 128MB
[    0.354778] localhost kernel: clocksource: jiffies: mask: 0xffffffff max_cycles: 0xffffffff, max_idle_ns: 1911260446275000 ns
[    0.354778] localhost kernel: futex hash table entries: 512 (order: 3, 32768 bytes, linear)
[    0.355579] localhost kernel: pinctrl core: initialized pinctrl subsystem
[    0.355717] localhost kernel: PM: RTC time: 15:09:47, date: 2026-07-09
[    0.356316] localhost kernel: NET: Registered PF_NETLINK/PF_ROUTE protocol family
[    0.356427] localhost kernel: DMA: preallocated 512 KiB GFP_KERNEL pool for atomic allocations
[    0.356464] localhost kernel: DMA: preallocated 512 KiB GFP_KERNEL|GFP_DMA pool for atomic allocations
[    0.356495] localhost kernel: DMA: preallocated 512 KiB GFP_KERNEL|GFP_DMA32 pool for atomic allocations
[    0.356503] localhost kernel: audit: initializing netlink subsys (disabled)
[    0.356525] localhost kernel: audit: type=2000 audit(1783609788.229:1): state=initialized audit_enabled=0 res=1
[    0.356537] localhost kernel: thermal_sys: Registered thermal governor 'fair_share'
[    0.356538] localhost kernel: thermal_sys: Registered thermal governor 'bang_bang'
[    0.356540] localhost kernel: thermal_sys: Registered thermal governor 'step_wise'
[    0.356542] localhost kernel: thermal_sys: Registered thermal governor 'user_space'
[    0.356544] localhost kernel: thermal_sys: Registered thermal governor 'power_allocator'
[    0.356551] localhost kernel: cpuidle: using governor ladder
[    0.356556] localhost kernel: cpuidle: using governor menu
[    0.356663] localhost kernel: acpiphp: ACPI Hot Plug PCI Controller Driver version: 0.5
[    0.356885] localhost kernel: PCI: Using configuration type 1 for base access
[    0.356984] localhost kernel: kprobes: kprobe jump-optimization is enabled. All kprobes are optimized if possible.
[    0.365529] localhost kernel: HugeTLB: registered 2.00 MiB page size, pre-allocated 0 pages
[    0.365534] localhost kernel: HugeTLB: 28 KiB vmemmap can be freed for a 2.00 MiB page
[    0.372547] localhost kernel: fbcon: Taking over console
[    0.372568] localhost kernel: ACPI: Added _OSI(Module Device)
[    0.372570] localhost kernel: ACPI: Added _OSI(Processor Device)
[    0.372571] localhost kernel: ACPI: Added _OSI(Processor Aggregator Device)
[    0.374227] localhost kernel: ACPI: 2 ACPI AML tables successfully acquired and loaded
[    0.378793] localhost kernel: ACPI: _OSC evaluation for CPUs failed, trying _PDC
[    0.378793] localhost kernel: ACPI: Interpreter enabled
[    0.378793] localhost kernel: ACPI: PM: (supports S0 S5)
[    0.378793] localhost kernel: ACPI: Using IOAPIC for interrupt routing
[    0.378871] localhost kernel: PCI: Using host bridge windows from ACPI; if necessary, use "pci=nocrs" and report a bug
[    0.378873] localhost kernel: PCI: Using E820 reservations for host bridge windows
[    0.379011] localhost kernel: ACPI: Enabled 3 GPEs in block 00 to 0F
[    0.383015] localhost kernel: ACPI: PCI Root Bridge [PCI0] (domain 0000 [bus 00-ff])
[    0.383021] localhost kernel: acpi PNP0A03:00: _OSC: OS supports [ASPM ClockPM Segments MSI EDR HPX-Type3]
[    0.383024] localhost kernel: acpi PNP0A03:00: _OSC: not requesting OS control; OS requires [ExtendedConfig ASPM ClockPM MSI]
[    0.383033] localhost kernel: acpi PNP0A03:00: fail to add MMCONFIG information, can't access extended configuration space under this bridge
[    0.383399] localhost kernel: acpiphp: Slot [3] registered
[    0.383437] localhost kernel: acpiphp: Slot [8] registered
[    0.383459] localhost kernel: acpiphp: Slot [18] registered
[    0.383512] localhost kernel: acpiphp: Slot [4] registered
[    0.383535] localhost kernel: acpiphp: Slot [6] registered
[    0.383556] localhost kernel: acpiphp: Slot [7] registered
[    0.383577] localhost kernel: acpiphp: Slot [9] registered
[    0.383598] localhost kernel: acpiphp: Slot [10] registered
[    0.383619] localhost kernel: acpiphp: Slot [11] registered
[    0.383640] localhost kernel: acpiphp: Slot [12] registered
[    0.383661] localhost kernel: acpiphp: Slot [13] registered
[    0.383690] localhost kernel: acpiphp: Slot [14] registered
[    0.383712] localhost kernel: acpiphp: Slot [15] registered
[    0.383733] localhost kernel: acpiphp: Slot [16] registered
[    0.383754] localhost kernel: acpiphp: Slot [17] registered
[    0.383781] localhost kernel: acpiphp: Slot [19] registered
[    0.383803] localhost kernel: acpiphp: Slot [20] registered
[    0.383823] localhost kernel: acpiphp: Slot [21] registered
[    0.383846] localhost kernel: acpiphp: Slot [22] registered
[    0.383867] localhost kernel: acpiphp: Slot [23] registered
[    0.383888] localhost kernel: acpiphp: Slot [24] registered
[    0.383908] localhost kernel: acpiphp: Slot [25] registered
[    0.383929] localhost kernel: acpiphp: Slot [26] registered
[    0.383949] localhost kernel: acpiphp: Slot [27] registered
[    0.383970] localhost kernel: acpiphp: Slot [28] registered
[    0.383993] localhost kernel: acpiphp: Slot [29] registered
[    0.384013] localhost kernel: PCI host bridge to bus 0000:00
[    0.384017] localhost kernel: pci_bus 0000:00: root bus resource [io  0x0000-0x0cf7 window]
[    0.384020] localhost kernel: pci_bus 0000:00: root bus resource [io  0x0d00-0xffff window]
[    0.384022] localhost kernel: pci_bus 0000:00: root bus resource [mem 0x000a0000-0x000bffff window]
[    0.384024] localhost kernel: pci_bus 0000:00: root bus resource [mem 0xc0000000-0xfebfffff window]
[    0.384026] localhost kernel: pci_bus 0000:00: root bus resource [mem 0xc000000000-0xc0a000bfff window]
[    0.384029] localhost kernel: pci_bus 0000:00: root bus resource [bus 00-ff]
[    0.384087] localhost kernel: pci 0000:00:00.0: [8086:1237] type 00 class 0x060000 conventional PCI endpoint
[    0.384784] localhost kernel: pci 0000:00:01.0: [8086:7000] type 00 class 0x060100 conventional PCI endpoint
[    0.385506] localhost kernel: pci 0000:00:01.1: [8086:7010] type 00 class 0x010180 conventional PCI endpoint
[    0.386511] localhost kernel: pci 0000:00:01.1: BAR 4 [io  0xf0e0-0xf0ef]
[    0.386597] localhost kernel: pci 0000:00:01.1: BAR 0 [io  0x01f0-0x01f7]: legacy IDE quirk
[    0.386602] localhost kernel: pci 0000:00:01.1: BAR 1 [io  0x03f6]: legacy IDE quirk
[    0.386604] localhost kernel: pci 0000:00:01.1: BAR 2 [io  0x0170-0x0177]: legacy IDE quirk
[    0.386606] localhost kernel: pci 0000:00:01.1: BAR 3 [io  0x0376]: legacy IDE quirk
[    0.386810] localhost kernel: pci 0000:00:01.2: [8086:7020] type 00 class 0x0c0300 conventional PCI endpoint
[    0.388163] localhost kernel: pci 0000:00:01.2: BAR 4 [io  0xf0c0-0xf0df]
[    0.388949] localhost kernel: pci 0000:00:01.3: [8086:7113] type 00 class 0x068000 conventional PCI endpoint
[    0.389477] localhost kernel: pci 0000:00:01.3: quirk: [io  0x0600-0x063f] claimed by PIIX4 ACPI
[    0.389493] localhost kernel: pci 0000:00:01.3: quirk: [io  0x0700-0x070f] claimed by PIIX4 SMB
[    0.389774] localhost kernel: pci 0000:00:02.0: [1234:1111] type 00 class 0x030000 conventional PCI endpoint
[    0.392272] localhost kernel: pci 0000:00:02.0: BAR 0 [mem 0xfd000000-0xfdffffff pref]
[    0.392298] localhost kernel: pci 0000:00:02.0: BAR 2 [mem 0xfea50000-0xfea50fff]
[    0.392344] localhost kernel: pci 0000:00:02.0: ROM [mem 0xfea40000-0xfea4ffff pref]
[    0.392410] localhost kernel: pci 0000:00:02.0: Video device with shadowed ROM at [mem 0x000c0000-0x000dffff]
[    0.392752] localhost kernel: pci 0000:00:03.0: [1af4:1002] type 00 class 0x00ff00 conventional PCI endpoint
[    0.394463] localhost kernel: pci 0000:00:03.0: BAR 0 [io  0xf000-0xf03f]
[    0.394478] localhost kernel: pci 0000:00:03.0: BAR 1 [mem 0xfea51000-0xfea51fff]
[    0.394524] localhost kernel: pci 0000:00:03.0: BAR 4 [mem 0xc0a0000000-0xc0a0003fff 64bit pref]
[    0.396993] localhost kernel: pci 0000:00:05.0: [1b36:0001] type 01 class 0x060400 conventional PCI bridge
[    0.397997] localhost kernel: pci 0000:00:05.0: BAR 0 [mem 0xc000000000-0xc0000000ff 64bit]
[    0.398462] localhost kernel: pci 0000:00:05.0: PCI bridge to [bus 01]
[    0.398498] localhost kernel: pci 0000:00:05.0:   bridge window [io  0xe000-0xefff]
[    0.398523] localhost kernel: pci 0000:00:05.0:   bridge window [mem 0xfe800000-0xfe9fffff]
[    0.400799] localhost kernel: pci 0000:00:05.0:   bridge window [mem 0xc080000000-0xc09fffffff 64bit pref]
[    0.402635] localhost kernel: pci 0000:00:08.0: [1af4:1003] type 00 class 0x078000 conventional PCI endpoint
[    0.404463] localhost kernel: pci 0000:00:08.0: BAR 0 [io  0xf040-0xf07f]
[    0.404478] localhost kernel: pci 0000:00:08.0: BAR 1 [mem 0xfea52000-0xfea52fff]
[    0.404525] localhost kernel: pci 0000:00:08.0: BAR 4 [mem 0xc0a0004000-0xc0a0007fff 64bit pref]
[    0.408649] localhost kernel: pci 0000:00:12.0: [1af4:1000] type 00 class 0x020000 conventional PCI endpoint
[    0.409463] localhost kernel: pci 0000:00:12.0: BAR 0 [io  0xf080-0xf0bf]
[    0.409479] localhost kernel: pci 0000:00:12.0: BAR 1 [mem 0xfea53000-0xfea53fff]
[    0.409525] localhost kernel: pci 0000:00:12.0: BAR 4 [mem 0xc0a0008000-0xc0a000bfff 64bit pref]
[    0.409541] localhost kernel: pci 0000:00:12.0: ROM [mem 0xfea00000-0xfea3ffff pref]
[    0.413938] localhost kernel: pci 0000:00:1e.0: [1b36:0001] type 01 class 0x060400 conventional PCI bridge
[    0.415478] localhost kernel: pci 0000:00:1e.0: BAR 0 [mem 0xc000001000-0xc0000010ff 64bit]
[    0.415506] localhost kernel: pci 0000:00:1e.0: PCI bridge to [bus 02]
[    0.415542] localhost kernel: pci 0000:00:1e.0:   bridge window [io  0xd000-0xdfff]
[    0.415567] localhost kernel: pci 0000:00:1e.0:   bridge window [mem 0xfe600000-0xfe7fffff]
[    0.416165] localhost kernel: pci 0000:00:1e.0:   bridge window [mem 0xc060000000-0xc07fffffff 64bit pref]
[    0.417501] localhost kernel: pci 0000:00:1f.0: [1b36:0001] type 01 class 0x060400 conventional PCI bridge
[    0.418473] localhost kernel: pci 0000:00:1f.0: BAR 0 [mem 0xc000002000-0xc0000020ff 64bit]
[    0.418499] localhost kernel: pci 0000:00:1f.0: PCI bridge to [bus 03]
[    0.418541] localhost kernel: pci 0000:00:1f.0:   bridge window [io  0xc000-0xcfff]
[    0.418566] localhost kernel: pci 0000:00:1f.0:   bridge window [mem 0xfe400000-0xfe5fffff]
[    0.418927] localhost kernel: pci 0000:00:1f.0:   bridge window [mem 0xc040000000-0xc05fffffff 64bit pref]
[    0.420165] localhost kernel: pci_bus 0000:01: extended config space not accessible
[    0.420313] localhost kernel: acpiphp: Slot [1-2] registered
[    0.420337] localhost kernel: acpiphp: Slot [0] registered
[    0.420360] localhost kernel: acpiphp: Slot [2] registered
[    0.420384] localhost kernel: acpiphp: Slot [3-2] registered
[    0.420407] localhost kernel: acpiphp: Slot [4-2] registered
[    0.420431] localhost kernel: acpiphp: Slot [5] registered
[    0.420463] localhost kernel: acpiphp: Slot [6-2] registered
[    0.420494] localhost kernel: acpiphp: Slot [7-2] registered
[    0.420519] localhost kernel: acpiphp: Slot [8-2] registered
[    0.420544] localhost kernel: acpiphp: Slot [9-2] registered
[    0.420568] localhost kernel: acpiphp: Slot [10-2] registered
[    0.420592] localhost kernel: acpiphp: Slot [11-2] registered
[    0.420615] localhost kernel: acpiphp: Slot [12-2] registered
[    0.420637] localhost kernel: acpiphp: Slot [13-2] registered
[    0.420660] localhost kernel: acpiphp: Slot [14-2] registered
[    0.420684] localhost kernel: acpiphp: Slot [15-2] registered
[    0.420709] localhost kernel: acpiphp: Slot [16-2] registered
[    0.420732] localhost kernel: acpiphp: Slot [17-2] registered
[    0.420755] localhost kernel: acpiphp: Slot [18-2] registered
[    0.420787] localhost kernel: acpiphp: Slot [19-2] registered
[    0.420813] localhost kernel: acpiphp: Slot [20-2] registered
[    0.420836] localhost kernel: acpiphp: Slot [21-2] registered
[    0.420860] localhost kernel: acpiphp: Slot [22-2] registered
[    0.420884] localhost kernel: acpiphp: Slot [23-2] registered
[    0.420908] localhost kernel: acpiphp: Slot [24-2] registered
[    0.420930] localhost kernel: acpiphp: Slot [25-2] registered
[    0.420953] localhost kernel: acpiphp: Slot [26-2] registered
[    0.420979] localhost kernel: acpiphp: Slot [27-2] registered
[    0.421002] localhost kernel: acpiphp: Slot [28-2] registered
[    0.421025] localhost kernel: acpiphp: Slot [29-2] registered
[    0.421048] localhost kernel: acpiphp: Slot [30] registered
[    0.421069] localhost kernel: acpiphp: Slot [31] registered
[    0.421438] localhost kernel: pci 0000:01:01.0: [1af4:1004] type 00 class 0x010000 conventional PCI endpoint
[    0.423407] localhost kernel: pci 0000:01:01.0: BAR 0 [io  0xe000-0xe03f]
[    0.423423] localhost kernel: pci 0000:01:01.0: BAR 1 [mem 0xfe800000-0xfe800fff]
[    0.423495] localhost kernel: pci 0000:01:01.0: BAR 4 [mem 0xc080000000-0xc080003fff 64bit pref]
[    0.435252] localhost kernel: pci 0000:00:05.0: PCI bridge to [bus 01]
[    0.435839] localhost kernel: pci_bus 0000:02: extended config space not accessible
[    0.435981] localhost kernel: acpiphp: Slot [0-2] registered
[    0.436006] localhost kernel: acpiphp: Slot [1-3] registered
[    0.436030] localhost kernel: acpiphp: Slot [2-2] registered
[    0.436056] localhost kernel: acpiphp: Slot [3-3] registered
[    0.436079] localhost kernel: acpiphp: Slot [4-3] registered
[    0.436102] localhost kernel: acpiphp: Slot [5-2] registered
[    0.436126] localhost kernel: acpiphp: Slot [6-3] registered
[    0.436149] localhost kernel: acpiphp: Slot [7-3] registered
[    0.436172] localhost kernel: acpiphp: Slot [8-3] registered
[    0.436195] localhost kernel: acpiphp: Slot [9-3] registered
[    0.436220] localhost kernel: acpiphp: Slot [10-3] registered
[    0.436244] localhost kernel: acpiphp: Slot [11-3] registered
[    0.436268] localhost kernel: acpiphp: Slot [12-3] registered
[    0.436294] localhost kernel: acpiphp: Slot [13-3] registered
[    0.436317] localhost kernel: acpiphp: Slot [14-3] registered
[    0.436343] localhost kernel: acpiphp: Slot [15-3] registered
[    0.436367] localhost kernel: acpiphp: Slot [16-3] registered
[    0.436463] localhost kernel: acpiphp: Slot [17-3] registered
[    0.436488] localhost kernel: acpiphp: Slot [18-3] registered
[    0.436511] localhost kernel: acpiphp: Slot [19-3] registered
[    0.436535] localhost kernel: acpiphp: Slot [20-3] registered
[    0.436558] localhost kernel: acpiphp: Slot [21-3] registered
[    0.436582] localhost kernel: acpiphp: Slot [22-3] registered
[    0.436605] localhost kernel: acpiphp: Slot [23-3] registered
[    0.436630] localhost kernel: acpiphp: Slot [24-3] registered
[    0.436654] localhost kernel: acpiphp: Slot [25-3] registered
[    0.436678] localhost kernel: acpiphp: Slot [26-3] registered
[    0.436701] localhost kernel: acpiphp: Slot [27-3] registered
[    0.436724] localhost kernel: acpiphp: Slot [28-3] registered
[    0.436748] localhost kernel: acpiphp: Slot [29-3] registered
[    0.436771] localhost kernel: acpiphp: Slot [30-2] registered
[    0.436803] localhost kernel: acpiphp: Slot [31-2] registered
[    0.444501] localhost kernel: pci 0000:00:1e.0: PCI bridge to [bus 02]
[    0.445132] localhost kernel: pci_bus 0000:03: extended config space not accessible
[    0.445271] localhost kernel: acpiphp: Slot [0-3] registered
[    0.445295] localhost kernel: acpiphp: Slot [1-4] registered
[    0.445318] localhost kernel: acpiphp: Slot [2-3] registered
[    0.445342] localhost kernel: acpiphp: Slot [3-4] registered
[    0.445367] localhost kernel: acpiphp: Slot [4-4] registered
[    0.445391] localhost kernel: acpiphp: Slot [5-3] registered
[    0.445414] localhost kernel: acpiphp: Slot [6-4] registered
[    0.445438] localhost kernel: acpiphp: Slot [7-4] registered
[    0.445461] localhost kernel: acpiphp: Slot [8-4] registered
[    0.445486] localhost kernel: acpiphp: Slot [9-4] registered
[    0.445510] localhost kernel: acpiphp: Slot [10-4] registered
[    0.445535] localhost kernel: acpiphp: Slot [11-4] registered
[    0.445559] localhost kernel: acpiphp: Slot [12-4] registered
[    0.445583] localhost kernel: acpiphp: Slot [13-4] registered
[    0.445606] localhost kernel: acpiphp: Slot [14-4] registered
[    0.445630] localhost kernel: acpiphp: Slot [15-4] registered
[    0.445653] localhost kernel: acpiphp: Slot [16-4] registered
[    0.445677] localhost kernel: acpiphp: Slot [17-4] registered
[    0.445703] localhost kernel: acpiphp: Slot [18-4] registered
[    0.445727] localhost kernel: acpiphp: Slot [19-4] registered
[    0.445753] localhost kernel: acpiphp: Slot [20-4] registered
[    0.445783] localhost kernel: acpiphp: Slot [21-4] registered
[    0.445807] localhost kernel: acpiphp: Slot [22-4] registered
[    0.445831] localhost kernel: acpiphp: Slot [23-4] registered
[    0.445855] localhost kernel: acpiphp: Slot [24-4] registered
[    0.445882] localhost kernel: acpiphp: Slot [25-4] registered
[    0.445906] localhost kernel: acpiphp: Slot [26-4] registered
[    0.445932] localhost kernel: acpiphp: Slot [27-4] registered
[    0.445956] localhost kernel: acpiphp: Slot [28-4] registered
[    0.445980] localhost kernel: acpiphp: Slot [29-4] registered
[    0.446004] localhost kernel: acpiphp: Slot [30-3] registered
[    0.446027] localhost kernel: acpiphp: Slot [31-3] registered
[    0.464423] localhost kernel: pci 0000:00:1f.0: PCI bridge to [bus 03]
[    0.470736] localhost kernel: ACPI: PCI: Interrupt link LNKA configured for IRQ 10
[    0.470895] localhost kernel: ACPI: PCI: Interrupt link LNKB configured for IRQ 10
[    0.471014] localhost kernel: ACPI: PCI: Interrupt link LNKC configured for IRQ 11
[    0.471142] localhost kernel: ACPI: PCI: Interrupt link LNKD configured for IRQ 11
[    0.471209] localhost kernel: ACPI: PCI: Interrupt link LNKS configured for IRQ 9
[    0.471545] localhost kernel: iommu: Default domain type: Translated
[    0.471545] localhost kernel: iommu: DMA domain TLB invalidation policy: lazy mode
[    0.471879] localhost kernel: SCSI subsystem initialized
[    0.471945] localhost kernel: libata version 3.00 loaded.
[    0.471945] localhost kernel: ACPI: bus type USB registered
[    0.471945] localhost kernel: usbcore: registered new interface driver usbfs
[    0.471945] localhost kernel: usbcore: registered new interface driver hub
[    0.471945] localhost kernel: usbcore: registered new device driver usb
[    0.471945] localhost kernel: pps_core: LinuxPPS API ver. 1 registered
[    0.471945] localhost kernel: pps_core: Software ver. 5.3.6 - Copyright 2005-2007 Rodolfo Giometti <giometti@linux.it>
[    0.471945] localhost kernel: PTP clock support registered
[    0.472543] localhost kernel: EDAC MC: Ver: 3.0.0
[    0.473710] localhost kernel: NetLabel: Initializing
[    0.473714] localhost kernel: NetLabel:  domain hash size = 128
[    0.473717] localhost kernel: NetLabel:  protocols = UNLABELED CIPSOv4 CALIPSO
[    0.473882] localhost kernel: NetLabel:  unlabeled traffic allowed by default
[    0.473908] localhost kernel: mctp: management component transport protocol core
[    0.473908] localhost kernel: NET: Registered PF_MCTP protocol family
[    0.473908] localhost kernel: PCI: Using ACPI for IRQ routing
[    0.473908] localhost kernel: PCI: pci_cache_line_size set to 64 bytes
[    0.473908] localhost kernel: e820: reserve RAM buffer [mem 0x0009fc00-0x0009ffff]
[    0.473908] localhost kernel: e820: reserve RAM buffer [mem 0xbffda000-0xbfffffff]
[    0.474485] localhost kernel: pci 0000:00:02.0: vgaarb: setting as boot VGA device
[    0.474490] localhost kernel: pci 0000:00:02.0: vgaarb: bridge control possible
[    0.474493] localhost kernel: pci 0000:00:02.0: vgaarb: VGA device added: decodes=io+mem,owns=io+mem,locks=none
[    0.474500] localhost kernel: vgaarb: loaded
[    0.474645] localhost kernel: clocksource: Switched to clocksource kvm-clock
[    0.476369] localhost kernel: VFS: Disk quotas dquot_6.6.0
[    0.476400] localhost kernel: VFS: Dquot-cache hash table entries: 512 (order 0, 4096 bytes)
[    0.476626] localhost kernel: AppArmor: AppArmor Filesystem Enabled
[    0.476650] localhost kernel: pnp: PnP ACPI init
[    0.476759] localhost kernel: pnp 00:02: [dma 2]
[    0.477175] localhost kernel: pnp: PnP ACPI: found 4 devices
[    0.483283] localhost kernel: clocksource: acpi_pm: mask: 0xffffff max_cycles: 0xffffff, max_idle_ns: 2085701024 ns
[    0.483377] localhost kernel: NET: Registered PF_INET protocol family
[    0.483422] localhost kernel: IP idents hash table entries: 65536 (order: 7, 524288 bytes, linear)
[    0.493880] localhost kernel: tcp_listen_portaddr_hash hash table entries: 2048 (order: 3, 32768 bytes, linear)
[    0.493900] localhost kernel: Table-perturb hash table entries: 65536 (order: 6, 262144 bytes, linear)
[    0.493911] localhost kernel: TCP established hash table entries: 32768 (order: 6, 262144 bytes, linear)
[    0.493958] localhost kernel: TCP bind hash table entries: 32768 (order: 8, 1048576 bytes, linear)
[    0.494005] localhost kernel: TCP: Hash tables configured (established 32768 bind 32768)
[    0.494055] localhost kernel: MPTCP token hash table entries: 4096 (order: 5, 98304 bytes, linear)
[    0.494078] localhost kernel: UDP hash table entries: 2048 (order: 4, 65536 bytes, linear)
[    0.494085] localhost kernel: UDP-Lite hash table entries: 2048 (order: 4, 65536 bytes, linear)
[    0.494126] localhost kernel: NET: Registered PF_UNIX/PF_LOCAL protocol family
[    0.494132] localhost kernel: NET: Registered PF_XDP protocol family
[    0.494141] localhost kernel: pci 0000:00:05.0: PCI bridge to [bus 01]
[    0.494158] localhost kernel: pci 0000:00:05.0:   bridge window [io  0xe000-0xefff]
[    0.495079] localhost kernel: pci 0000:00:05.0:   bridge window [mem 0xfe800000-0xfe9fffff]
[    0.495753] localhost kernel: pci 0000:00:05.0:   bridge window [mem 0xc080000000-0xc09fffffff 64bit pref]
[    0.496811] localhost kernel: pci 0000:00:1e.0: PCI bridge to [bus 02]
[    0.496826] localhost kernel: pci 0000:00:1e.0:   bridge window [io  0xd000-0xdfff]
[    0.497645] localhost kernel: pci 0000:00:1e.0:   bridge window [mem 0xfe600000-0xfe7fffff]
[    0.498201] localhost kernel: pci 0000:00:1e.0:   bridge window [mem 0xc060000000-0xc07fffffff 64bit pref]
[    0.499305] localhost kernel: pci 0000:00:1f.0: PCI bridge to [bus 03]
[    0.499320] localhost kernel: pci 0000:00:1f.0:   bridge window [io  0xc000-0xcfff]
[    0.500438] localhost kernel: pci 0000:00:1f.0:   bridge window [mem 0xfe400000-0xfe5fffff]
[    0.501143] localhost kernel: pci 0000:00:1f.0:   bridge window [mem 0xc040000000-0xc05fffffff 64bit pref]
[    0.502545] localhost kernel: pci_bus 0000:00: resource 4 [io  0x0000-0x0cf7 window]
[    0.502550] localhost kernel: pci_bus 0000:00: resource 5 [io  0x0d00-0xffff window]
[    0.502552] localhost kernel: pci_bus 0000:00: resource 6 [mem 0x000a0000-0x000bffff window]
[    0.502554] localhost kernel: pci_bus 0000:00: resource 7 [mem 0xc0000000-0xfebfffff window]
[    0.502556] localhost kernel: pci_bus 0000:00: resource 8 [mem 0xc000000000-0xc0a000bfff window]
[    0.502559] localhost kernel: pci_bus 0000:01: resource 0 [io  0xe000-0xefff]
[    0.502560] localhost kernel: pci_bus 0000:01: resource 1 [mem 0xfe800000-0xfe9fffff]
[    0.502562] localhost kernel: pci_bus 0000:01: resource 2 [mem 0xc080000000-0xc09fffffff 64bit pref]
[    0.502565] localhost kernel: pci_bus 0000:02: resource 0 [io  0xd000-0xdfff]
[    0.502566] localhost kernel: pci_bus 0000:02: resource 1 [mem 0xfe600000-0xfe7fffff]
[    0.502568] localhost kernel: pci_bus 0000:02: resource 2 [mem 0xc060000000-0xc07fffffff 64bit pref]
[    0.502571] localhost kernel: pci_bus 0000:03: resource 0 [io  0xc000-0xcfff]
[    0.502572] localhost kernel: pci_bus 0000:03: resource 1 [mem 0xfe400000-0xfe5fffff]
[    0.502574] localhost kernel: pci_bus 0000:03: resource 2 [mem 0xc040000000-0xc05fffffff 64bit pref]
[    0.502652] localhost kernel: pci 0000:00:01.0: PIIX3: Enabling Passive Release
[    0.502669] localhost kernel: pci 0000:00:00.0: Limiting direct PCI/PCI transfers
[    0.503265] localhost kernel: ACPI: \_SB_.LNKD: Enabled at IRQ 11
[    0.504227] localhost kernel: PCI: CLS 0 bytes, default 64
[    0.504291] localhost kernel: PCI-DMA: Using software bounce buffering for IO (SWIOTLB)
[    0.504294] localhost kernel: software IO TLB: mapped [mem 0x00000000bbfda000-0x00000000bffda000] (64MB)
[    0.504466] localhost kernel: Trying to unpack rootfs image as initramfs...
[    0.504560] localhost kernel: Initialise system trusted keyrings
[    0.504573] localhost kernel: Key type blacklist registered
[    0.506028] localhost kernel: workingset: timestamp_bits=36 max_order=20 bucket_order=0
[    0.506042] localhost kernel: zbud: loaded
[    0.507310] localhost kernel: squashfs: version 4.0 (2009/01/31) Phillip Lougher
[    0.507862] localhost kernel: fuse: init (API version 7.39)
[    0.509439] localhost kernel: integrity: Platform Keyring initialized
[    0.509451] localhost kernel: integrity: Machine keyring initialized
[    0.519705] localhost kernel: Key type asymmetric registered
[    0.519712] localhost kernel: Asymmetric key parser 'x509' registered
[    0.519740] localhost kernel: Block layer SCSI generic (bsg) driver version 0.4 loaded (major 243)
[    0.519793] localhost kernel: io scheduler mq-deadline registered
[    0.520049] localhost kernel: shpchp 0000:00:05.0: Requesting control of SHPC hotplug via OSHP (\_SB_.PCI0.S28_)
[    0.520060] localhost kernel: shpchp 0000:00:05.0: Requesting control of SHPC hotplug via OSHP (\_SB_.PCI0)
[    0.520067] localhost kernel: shpchp 0000:00:05.0: Cannot get control of SHPC hotplug
[    0.520128] localhost kernel: shpchp 0000:00:1e.0: Requesting control of SHPC hotplug via OSHP (\_SB_.PCI0.SF0_)
[    0.520136] localhost kernel: shpchp 0000:00:1e.0: Requesting control of SHPC hotplug via OSHP (\_SB_.PCI0)
[    0.520140] localhost kernel: shpchp 0000:00:1e.0: Cannot get control of SHPC hotplug
[    0.520201] localhost kernel: shpchp 0000:00:1f.0: Requesting control of SHPC hotplug via OSHP (\_SB_.PCI0.SF8_)
[    0.520209] localhost kernel: shpchp 0000:00:1f.0: Requesting control of SHPC hotplug via OSHP (\_SB_.PCI0)
[    0.520212] localhost kernel: shpchp 0000:00:1f.0: Cannot get control of SHPC hotplug
[    0.520220] localhost kernel: shpchp: Standard Hot Plug PCI Controller Driver version: 0.4
[    0.520334] localhost kernel: input: Power Button as /devices/LNXSYSTM:00/LNXPWRBN:00/input/input0
[    0.520433] localhost kernel: ACPI: button: Power Button [PWRF]
[    0.521257] localhost kernel: ACPI: \_SB_.LNKC: Enabled at IRQ 10
[    0.524909] localhost kernel: ACPI: \_SB_.LNKB: Enabled at IRQ 10
[    0.526706] localhost kernel: ACPI: \_SB_.LNKA: Enabled at IRQ 11
[    0.530381] localhost kernel: Free page reporting enabled
[    0.530720] localhost kernel: Serial: 8250/16550 driver, 32 ports, IRQ sharing enabled
[    0.636928] localhost kernel: Freeing initrd memory: 74748K
[    0.670028] localhost kernel: Linux agpgart interface v0.103
[    0.673166] localhost kernel: loop: module loaded
[    0.673950] localhost kernel: virtio_scsi virtio3: 2/0/0 default/read/poll queues
[    0.677469] localhost kernel: scsi host0: Virtio SCSI HBA
[    0.678220] localhost kernel: ata_piix 0000:00:01.1: version 2.13
[    0.678433] localhost kernel: scsi 0:0:0:0: Direct-Access     QEMU     QEMU HARDDISK    2.5+ PQ: 0 ANSI: 5
[    0.681778] localhost kernel: scsi host1: ata_piix
[    0.682022] localhost kernel: scsi host2: ata_piix
[    0.682091] localhost kernel: ata1: PATA max MWDMA2 cmd 0x1f0 ctl 0x3f6 bmdma 0xf0e0 irq 14 lpm-pol 0
[    0.682101] localhost kernel: ata2: PATA max MWDMA2 cmd 0x170 ctl 0x376 bmdma 0xf0e8 irq 15 lpm-pol 0
[    0.682187] localhost kernel: ACPI: bus type drm_connector registered
[    0.682811] localhost kernel: tun: Universal TUN/TAP device driver, 1.6
[    0.687460] localhost kernel: PPP generic driver version 2.4.2
[    0.689328] localhost kernel: uhci_hcd 0000:00:01.2: UHCI Host Controller
[    0.689337] localhost kernel: uhci_hcd 0000:00:01.2: new USB bus registered, assigned bus number 1
[    0.689373] localhost kernel: uhci_hcd 0000:00:01.2: detected 2 ports
[    0.689509] localhost kernel: uhci_hcd 0000:00:01.2: irq 11, io port 0x0000f0c0
[    0.689638] localhost kernel: usb usb1: New USB device found, idVendor=1d6b, idProduct=0001, bcdDevice= 6.08
[    0.689645] localhost kernel: usb usb1: New USB device strings: Mfr=3, Product=2, SerialNumber=1
[    0.689649] localhost kernel: usb usb1: Product: UHCI Host Controller
[    0.689653] localhost kernel: usb usb1: Manufacturer: Linux 6.8.0-134-generic uhci_hcd
[    0.689658] localhost kernel: usb usb1: SerialNumber: 0000:00:01.2
[    0.689775] localhost kernel: hub 1-0:1.0: USB hub found
[    0.689788] localhost kernel: hub 1-0:1.0: 2 ports detected
[    0.690030] localhost kernel: i8042: PNP: PS/2 Controller [PNP0303:KBD,PNP0f13:MOU] at 0x60,0x64 irq 1,12
[    0.692868] localhost kernel: serio: i8042 KBD port at 0x60,0x64 irq 1
[    0.692878] localhost kernel: serio: i8042 AUX port at 0x60,0x64 irq 12
[    0.693085] localhost kernel: mousedev: PS/2 mouse device common for all mice
[    0.693514] localhost kernel: input: AT Translated Set 2 keyboard as /devices/platform/i8042/serio0/input/input1
[    0.693597] localhost kernel: rtc_cmos 00:03: RTC can wake from S4
[    0.696593] localhost kernel: rtc_cmos 00:03: registered as rtc0
[    0.696690] localhost kernel: rtc_cmos 00:03: setting system clock to 2026-07-09T15:09:47 UTC (1783609787)
[    0.696786] localhost kernel: rtc_cmos 00:03: alarms up to one day, y3k, 242 bytes nvram
[    0.696803] localhost kernel: i2c_dev: i2c /dev entries driver
[    0.696836] localhost kernel: device-mapper: core: CONFIG_IMA_DISABLE_HTABLE is disabled. Duplicate IMA measurements will not be recorded in the IMA log.
[    0.696871] localhost kernel: device-mapper: uevent: version 1.0.3
[    0.696951] localhost kernel: device-mapper: ioctl: 4.48.0-ioctl (2023-03-01) initialised: dm-devel@redhat.com
[    0.696958] localhost kernel: amd_pstate: the _CPC object is not present in SBIOS or ACPI disabled
[    0.697029] localhost kernel: ledtrig-cpu: registered to indicate activity on CPUs
[    0.699063] localhost kernel: [drm] Initialized simpledrm 1.0.0 20200625 for simple-framebuffer.0 on minor 0
[    0.701994] localhost kernel: Console: switching to colour frame buffer device 100x37
[    0.703738] localhost kernel: simple-framebuffer simple-framebuffer.0: [drm] fb0: simpledrmdrmfb frame buffer device
[    0.705034] localhost kernel: drop_monitor: Initializing network drop monitor service
[    0.705632] localhost kernel: NET: Registered PF_INET6 protocol family
[    0.709126] localhost kernel: sd 0:0:0:0: Attached scsi generic sg0 type 0
[    0.709194] localhost kernel: sd 0:0:0:0: Power-on or device reset occurred
[    0.709924] localhost kernel: sd 0:0:0:0: [sda] 67108864 512-byte logical blocks: (34.4 GB/32.0 GiB)
[    0.710035] localhost kernel: sd 0:0:0:0: [sda] Write Protect is off
[    0.710067] localhost kernel: sd 0:0:0:0: [sda] Mode Sense: 63 00 10 08
[    0.710191] localhost kernel: sd 0:0:0:0: [sda] Write cache: enabled, read cache: enabled, supports DPO and FUA
[    0.717198] localhost kernel: Segment Routing with IPv6
[    0.717294] localhost kernel: In-situ OAM (IOAM) with IPv6
[    0.717470] localhost kernel: NET: Registered PF_PACKET protocol family
[    0.720306] localhost kernel: Key type dns_resolver registered
[    0.723985] localhost kernel: IPI shorthand broadcast: enabled
[    0.732667] localhost kernel: sched_clock: Marking stable (731040978, 889042)->(732756926, -826906)
[    0.735508] localhost kernel: registered taskstats version 1
[    0.738738] localhost kernel: Loading compiled-in X.509 certificates
[    0.742198] localhost kernel: Loaded X.509 cert 'Build time autogenerated kernel key: 79aab6b364387381d7a5d225dcfcd094a654ef62'
[    0.744901] localhost kernel: Loaded X.509 cert 'Canonical Ltd. Live Patch Signing 2025 Kmod: d541cef61dc7e793b7eb7e899970a2eef0b5dc8c'
[    0.748432] localhost kernel: Loaded X.509 cert 'Canonical Ltd. Live Patch Signing: 14df34d1a87cf37625abec039ef2bf521249b969'
[    0.751408] localhost kernel: Loaded X.509 cert 'Canonical Ltd. Kernel Module Signing 2025 Kmod: 4627603d2357a2a3f81006370894c221175893e9'
[    0.754990] localhost kernel: Loaded X.509 cert 'Canonical Ltd. Kernel Module Signing: 88f752e560a1e0737e31163a466ad7b70a850c19'
[    0.756733] localhost kernel: blacklist: Loading compiled-in revocation X.509 certificates
[    0.757947] localhost kernel: Loaded X.509 cert 'Canonical Ltd. Secure Boot Signing: 61482aa2830d0ab2ad5af10b7250da9033ddcef0'
[    0.763552] localhost kernel: Loaded X.509 cert 'Canonical Ltd. Secure Boot Signing (2017): 242ade75ac4a15e50d50c84b0d45ff3eae707a03'
[    0.768782] localhost kernel: Loaded X.509 cert 'Canonical Ltd. Secure Boot Signing (ESM 2018): 365188c1d374d6b07c3c8f240f8ef722433d6a8b'
[    0.774664] localhost kernel: Loaded X.509 cert 'Canonical Ltd. Secure Boot Signing (2019): c0746fd6c5da3ae827864651ad66ae47fe24b3e8'
[    0.780121] localhost kernel: Loaded X.509 cert 'Canonical Ltd. Secure Boot Signing (2021 v1): a8d54bbb3825cfb94fa13c9f8a594a195c107b8d'
[    0.786103] localhost kernel: Loaded X.509 cert 'Canonical Ltd. Secure Boot Signing (2021 v2): 4cf046892d6fd3c9a5b03f98d845f90851dc6a8c'
[    0.790717] localhost kernel: Loaded X.509 cert 'Canonical Ltd. Secure Boot Signing (2021 v3): 100437bb6de6e469b581e61cd66bce3ef4ed53af'
[    0.794460] localhost kernel: Loaded X.509 cert 'Canonical Ltd. Secure Boot Signing (Ubuntu Core 2019): c1d57b8f6b743f23ee41f4f7ee292f06eecadfb9'
[    0.802112] localhost kernel: Key type .fscrypt registered
[    0.804355] localhost kernel: Key type fscrypt-provisioning registered
[    0.813803] localhost kernel: cryptd: max_cpu_qlen set to 1000
[    0.838153] localhost kernel: ata2: found unknown device (class 0)
[    0.840667] localhost kernel: ata2.00: ATAPI: QEMU DVD-ROM, 2.5+, max UDMA/100
[    0.856404] localhost kernel: scsi 2:0:0:0: CD-ROM            QEMU     QEMU DVD-ROM     2.5+ PQ: 0 ANSI: 5
[    0.872703] localhost kernel: sr 2:0:0:0: [sr0] scsi3-mmc drive: 4x/4x cd/rw xa/form2 tray
[    0.875279] localhost kernel: cdrom: Uniform CD-ROM driver Revision: 3.20
[    0.885885] localhost kernel: sr 2:0:0:0: Attached scsi CD-ROM sr0
[    0.886950] localhost kernel: sr 2:0:0:0: Attached scsi generic sg1 type 5
[    0.912941] localhost kernel: usb 1-1: new full-speed USB device number 2 using uhci_hcd
[    1.093954] localhost kernel: usb 1-1: New USB device found, idVendor=0627, idProduct=0001, bcdDevice= 0.00
[    1.095236] localhost kernel: usb 1-1: New USB device strings: Mfr=1, Product=3, SerialNumber=10
[    1.096191] localhost kernel: usb 1-1: Product: QEMU USB Tablet
[    1.097030] localhost kernel: usb 1-1: Manufacturer: QEMU
[    1.097850] localhost kernel: usb 1-1: SerialNumber: 28754-0000:00:01.2-1
[    1.127732] localhost kernel:  sda: sda1 sda2 sda3
[    1.130788] localhost kernel: sd 0:0:0:0: [sda] Attached SCSI disk
[    1.140881] localhost kernel: SSE version of gcm_enc/dec engaged.
[    1.158588] localhost kernel: Key type encrypted registered
[    1.160867] localhost kernel: AppArmor: AppArmor sha256 policy hashing enabled
[    1.162778] localhost kernel: ima: No TPM chip found, activating TPM-bypass!
[    1.164582] localhost kernel: Loading compiled-in module X.509 certificates
[    1.166614] localhost kernel: Loaded X.509 cert 'Build time autogenerated kernel key: 79aab6b364387381d7a5d225dcfcd094a654ef62'
[    1.169378] localhost kernel: ima: Allocated hash algorithm: sha256
[    1.171429] localhost kernel: ima: No architecture policies found
[    1.173346] localhost kernel: evm: Initialising EVM extended attributes:
[    1.174505] localhost kernel: evm: security.selinux
[    1.175167] localhost kernel: evm: security.SMACK64
[    1.175805] localhost kernel: evm: security.SMACK64EXEC
[    1.176441] localhost kernel: evm: security.SMACK64TRANSMUTE
[    1.177040] localhost kernel: evm: security.SMACK64MMAP
[    1.177614] localhost kernel: evm: security.apparmor
[    1.178165] localhost kernel: evm: security.ima
[    1.178693] localhost kernel: evm: security.capability
[    1.179200] localhost kernel: evm: HMAC attrs: 0x1
[    1.180011] localhost kernel: PM:   Magic number: 2:888:183
[    1.180935] localhost kernel: acpi device:42: hash matches
[    1.182159] localhost kernel: powernow_k8: Power state transitions not supported
[    1.183070] localhost kernel: powernow_k8: Power state transitions not supported
[    1.187461] localhost kernel: RAS: Correctable Errors collector initialized.
[    1.188774] localhost kernel: clk: Disabling unused clocks
[    1.191576] localhost kernel: Freeing unused decrypted memory: 2028K
[    1.193032] localhost kernel: Freeing unused kernel image (initmem) memory: 4924K
[    1.193732] localhost kernel: Write protecting the kernel read-only data: 38912k
[    1.196162] localhost kernel: Freeing unused kernel image (rodata/data gap) memory: 1964K
[    1.248127] localhost kernel: x86/mm: Checked W+X mappings: passed, no W+X pages found.
[    1.248952] localhost kernel: Run /init as init process
[    1.250177] localhost kernel:   with arguments:
[    1.250179] localhost kernel:     /init
[    1.250180] localhost kernel:   with environment:
[    1.250181] localhost kernel:     HOME=/
[    1.250182] localhost kernel:     TERM=linux
[    1.389661] localhost kernel: FDC 0 is a S82078B
[    1.403495] localhost kernel: virtio_net virtio2 ens18: renamed from eth0
[    1.407179] localhost kernel: Console: switching to colour dummy device 80x25
[    1.408152] localhost kernel: hid: raw HID events driver (C) Jiri Kosina
[    1.411935] localhost kernel: bochs-drm 0000:00:02.0: vgaarb: deactivate vga console
[    1.422521] localhost kernel: [drm] Found bochs VGA, ID 0xb0c5.
[    1.422531] localhost kernel: [drm] Framebuffer size 16384 kB @ 0xfd000000, mmio @ 0xfea50000.
[    1.424697] localhost kernel: [drm] Found EDID data blob.
[    1.427679] localhost kernel: [drm] Initialized bochs-drm 1.0.0 20130925 for 0000:00:02.0 on minor 0
[    1.431762] localhost kernel: input: VirtualPS/2 VMware VMMouse as /devices/platform/i8042/serio1/input/input4
[    1.434299] localhost kernel: input: VirtualPS/2 VMware VMMouse as /devices/platform/i8042/serio1/input/input3
[    1.437748] localhost kernel: fbcon: bochs-drmdrmfb (fb0) is primary device
[    1.452192] localhost kernel: usbcore: registered new interface driver usbhid
[    1.452195] localhost kernel: usbhid: USB HID core driver
[    1.453160] localhost kernel: input: QEMU QEMU USB Tablet as /devices/pci0000:00/0000:00:01.2/usb1/1-1/1-1:1.0/0003:0627:0001.0001/input/input5
[    1.453274] localhost kernel: hid-generic 0003:0627:0001.0001: input,hidraw0: USB HID v0.01 Mouse [QEMU QEMU USB Tablet] on usb-0000:00:01.2-1/input0
[    1.507200] localhost kernel: Console: switching to colour frame buffer device 160x50
[    1.508975] localhost kernel: bochs-drm 0000:00:02.0: [drm] fb0: bochs-drmdrmfb frame buffer device
[    3.721908] localhost kernel: random: crng init done
[    5.114890] localhost kernel: raid6: sse2x4   gen() 17794 MB/s
[    5.131898] localhost kernel: raid6: sse2x2   gen()  5408 MB/s
[    5.148906] localhost kernel: raid6: sse2x1   gen()  1357 MB/s
[    5.148914] localhost kernel: raid6: using algorithm sse2x4 gen() 17794 MB/s
[    5.165891] localhost kernel: raid6: .... xor() 3180 MB/s, rmw enabled
[    5.165902] localhost kernel: raid6: using ssse3x2 recovery algorithm
[    5.167713] localhost kernel: xor: measuring software checksum speed
[    5.167863] localhost kernel:    prefetch64-sse  : 24542 MB/sec
[    5.168027] localhost kernel:    generic_sse     : 21097 MB/sec
[    5.168034] localhost kernel: xor: using function: prefetch64-sse (24542 MB/sec)
[    5.168632] localhost kernel: async_tx: api initialized (async)
[    5.275065] localhost kernel: Btrfs loaded, zoned=yes, fsverity=yes
[   12.906896] localhost kernel: workqueue: drm_fb_helper_damage_work hogged CPU for >10000us 4 times, consider switching to WQ_UNBOUND
[   13.431993] localhost kernel: EXT4-fs (dm-0): mounted filesystem 78dfc1ab-05ce-40b9-a2f8-2f3e03168145 ro with ordered data mode. Quota mode: none.
[   13.588894] localhost kernel: workqueue: drm_fb_helper_damage_work hogged CPU for >10000us 8 times, consider switching to WQ_UNBOUND
+ echo

+ echo '===== ЗАДАНИЕ 2 ====='
===== ЗАДАНИЕ 2 =====
+ echo 'Источники и сообщения файла auth.log'
Источники и сообщения файла auth.log
+ echo

++ find /var/log -type f -name auth.log -print -quit
+ AUTHLOG=/var/log/auth.log
+ printf 'Найденный файл: %s\n' /var/log/auth.log
Найденный файл: /var/log/auth.log
+ awk '
{
    source_field=0

    for (i=5; i<=NF; i++) {
        if ($i ~ /^[[:alnum:]_.@\/()-]+(\[[0-9]+\])?:$/) {
            source_field=i
            break
        }
    }

    if (source_field != 0) {
        printf "%s", $source_field

        for (i=source_field+1; i<=NF; i++) {
            printf " %s", $i
        }

        printf "\n"
    }
}
' /var/log/auth.log
+ sed -E 's/^([^[]+)\[[0-9]+\]:/\1:/'
+ sort -k1,1
+ tee /tmp/auth_sources_messages.txt
ssh2: ED25519 SHA256:vZffHwVE90UrlwhOKNxlZrY5O+5AAF2DML5wAnWyxpA
ssh2: ED25519 SHA256:vZffHwVE90UrlwhOKNxlZrY5O+5AAF2DML5wAnWyxpA
+ echo

+ echo '===== ЗАДАНИЕ 3 ====='
===== ЗАДАНИЕ 3 =====
+ echo 'Количество повторений каждого источника'
Количество повторений каждого источника
+ echo

+ awk '{print $1}' /tmp/auth_sources_messages.txt
+ sort
+ uniq -c
+ sort -k1,1nr -k2,2
+ awk '{print $1, $2}'
2 ssh2:
+ echo

+ echo '===== ЗАДАНИЕ 4 ====='
===== ЗАДАНИЕ 4 =====
+ echo 'Пользователи с shell /usr/sbin/nologin'
Пользователи с shell /usr/sbin/nologin
+ echo

+ awk -F: '
FNR == NR {
    group_name[$3]=$1

    count=split($4, members, ",")

    for (i=1; i<=count; i++) {
        if (members[i] != "") {
            if (supplementary[members[i]] != "") {
                supplementary[members[i]]=supplementary[members[i]] "," $1
            } else {
                supplementary[members[i]]=$1
            }
        }
    }

    next
}

$7 == "/usr/sbin/nologin" {
    username=$1
    uid=$3
    primary_gid=$4
    groups=group_name[primary_gid]

    if (supplementary[username] != "") {
        if (groups != "") {
            groups=groups "," supplementary[username]
        } else {
            groups=supplementary[username]
        }
    }

    print uid ", " username ", " groups
}
' /etc/group /etc/passwd
+ sort -t, -k1,1nr
65534, nobody, nogroup
1003, user3, user3,users,practice2grp
998, systemd-network, systemd-network
997, systemd-timesync, systemd-timesync
992, systemd-resolve, systemd-resolve
991, polkitd, polkitd
989, fwupd-refresh, fwupd-refresh
109, sshd, nogroup
108, usbmux, plugdev
107, landscape, landscape
105, tcpdump, tcpdump
104, uuidd, uuidd
103, syslog, syslog,adm
101, messagebus, messagebus
42, _apt, nogroup
39, irc, irc
38, list, list
34, backup, backup
33, www-data, www-data
13, proxy, proxy
10, uucp, uucp
9, news, news
8, mail, mail
7, lp, lp
6, man, man
5, games, games
3, sys, sys
2, bin, bin
1, daemon, daemon
+ echo

+ echo '===== ЗАДАНИЕ 5 ====='
===== ЗАДАНИЕ 5 =====
+ echo 'Строки dmesg, содержащие слово kernel'
Строки dmesg, содержащие слово kernel
+ echo

+ dmesg
+ grep -iw --color=never kernel
[    0.000000] KERNEL supported cpus:
[    0.095809] Booting paravirtualized kernel on KVM
[    0.096026] Kernel command line: BOOT_IMAGE=/vmlinuz-6.8.0-134-generic root=/dev/mapper/ubuntu--vg-ubuntu--lv ro
[    0.196795] Memory: 3925880K/4193760K available (22528K kernel code, 4439K rwdata, 14420K rodata, 4924K init, 4788K bss, 267620K reserved, 0K cma-reserved)
[    0.742198] Loaded X.509 cert 'Build time autogenerated kernel key: 79aab6b364387381d7a5d225dcfcd094a654ef62'
[    0.751408] Loaded X.509 cert 'Canonical Ltd. Kernel Module Signing 2025 Kmod: 4627603d2357a2a3f81006370894c221175893e9'
[    0.754990] Loaded X.509 cert 'Canonical Ltd. Kernel Module Signing: 88f752e560a1e0737e31163a466ad7b70a850c19'
[    1.166614] Loaded X.509 cert 'Build time autogenerated kernel key: 79aab6b364387381d7a5d225dcfcd094a654ef62'
[    1.193032] Freeing unused kernel image (initmem) memory: 4924K
[    1.193732] Write protecting the kernel read-only data: 38912k
[    1.196162] Freeing unused kernel image (rodata/data gap) memory: 1964K
[   71.267655] systemd[1]: Listening on systemd-udevd-kernel.socket - udev Kernel Socket.
[   71.484373] systemd[1]: Mounting sys-kernel-debug.mount - Kernel Debug File System...
[   71.485472] systemd[1]: Mounting sys-kernel-tracing.mount - Kernel Trace File System...
[   71.601959] systemd[1]: Starting modprobe@configfs.service - Load Kernel Module configfs...
[   71.602936] systemd[1]: Starting modprobe@dm_mod.service - Load Kernel Module dm_mod...
[   71.605958] systemd[1]: Starting modprobe@drm.service - Load Kernel Module drm...
[   71.607958] systemd[1]: Starting modprobe@efi_pstore.service - Load Kernel Module efi_pstore...
[   71.609957] systemd[1]: Starting modprobe@fuse.service - Load Kernel Module fuse...
[   71.613456] systemd[1]: Starting modprobe@loop.service - Load Kernel Module loop...
[   71.813977] systemd[1]: Starting systemd-modules-load.service - Load Kernel Modules...
[   71.816992] systemd[1]: Starting systemd-remount-fs.service - Remount Root and Kernel File Systems...
[   72.199549] systemd[1]: Finished modprobe@configfs.service - Load Kernel Module configfs.
[   72.201054] systemd[1]: Finished modprobe@drm.service - Load Kernel Module drm.
[   72.203940] systemd[1]: Mounting sys-kernel-config.mount - Kernel Configuration File System...
[   72.216168] systemd[1]: Finished modprobe@efi_pstore.service - Load Kernel Module efi_pstore.
[   72.221294] systemd[1]: Mounted sys-kernel-debug.mount - Kernel Debug File System.
[   72.222003] systemd[1]: Mounted sys-kernel-tracing.mount - Kernel Trace File System.
[   72.222652] systemd[1]: Mounted sys-kernel-config.mount - Kernel Configuration File System.
[   72.227868] systemd[1]: Finished modprobe@dm_mod.service - Load Kernel Module dm_mod.
[   72.231251] systemd[1]: Finished modprobe@loop.service - Load Kernel Module loop.
[   72.234454] systemd[1]: Finished modprobe@fuse.service - Load Kernel Module fuse.
[   72.569834] systemd[1]: Finished systemd-remount-fs.service - Remount Root and Kernel File Systems.
+ echo

+ echo '===== ЗАДАНИЕ 6 ====='
===== ЗАДАНИЕ 6 =====
+ echo 'Количество строк в /var/log/kern.log'
Количество строк в /var/log/kern.log
+ echo

++ find /var/log -type f -name kern.log -print -quit
+ KERNLOG=/var/log/kern.log
+ printf 'Найденный файл: %s\n' /var/log/kern.log
Найденный файл: /var/log/kern.log
+ wc -l /var/log/kern.log
33 /var/log/kern.log
+ echo

+ echo '===== ЗАДАНИЕ 7 ====='
===== ЗАДАНИЕ 7 =====
+ echo 'Форматирование /var/log/apt/history.log'
Форматирование /var/log/apt/history.log
+ echo

++ find /var/log/apt -type f -name history.log -print -quit
+ APTHISTORY=/var/log/apt/history.log
+ printf 'Найденный файл: %s\n' /var/log/apt/history.log
Найденный файл: /var/log/apt/history.log
+ awk '
/^Start-Date:/ {
    start_date=substr($0, index($0, ":") + 2)
}

/^Commandline:/ {
    commandline=substr($0, index($0, ":") + 2)
}

/^End-Date:/ {
    end_date=substr($0, index($0, ":") + 2)

    printf "Commandline: %s ; Start-Date: %s ; End-Date: %s\n", \
           commandline, start_date, end_date

    commandline=""
    start_date=""
    end_date=""
}
' /var/log/apt/history.log
Commandline: apt-get install --reinstall apt ; Start-Date: 2025-02-16  20:51:22 ; End-Date: 2025-02-16  20:51:24
Commandline: apt-get install --reinstall base-files ; Start-Date: 2025-02-16  20:51:26 ; End-Date: 2025-02-16  20:51:28
Commandline: apt-get install --reinstall base-passwd ; Start-Date: 2025-02-16  20:51:31 ; End-Date: 2025-02-16  20:51:32
Commandline: apt-get install --reinstall bash ; Start-Date: 2025-02-16  20:51:35 ; End-Date: 2025-02-16  20:51:37
Commandline: apt-get install --reinstall bsdutils ; Start-Date: 2025-02-16  20:51:39 ; End-Date: 2025-02-16  20:51:41
Commandline: apt-get install --reinstall coreutils ; Start-Date: 2025-02-16  20:51:44 ; End-Date: 2025-02-16  20:51:45
Commandline: apt-get install --reinstall dash ; Start-Date: 2025-02-16  20:51:48 ; End-Date: 2025-02-16  20:51:49
Commandline: apt-get install --reinstall debconf ; Start-Date: 2025-02-16  20:51:52 ; End-Date: 2025-02-16  20:51:53
Commandline: apt-get install --reinstall debianutils ; Start-Date: 2025-02-16  20:51:56 ; End-Date: 2025-02-16  20:51:58
Commandline: apt-get install --reinstall diffutils ; Start-Date: 2025-02-16  20:52:00 ; End-Date: 2025-02-16  20:52:02
Commandline: apt-get install --reinstall dpkg ; Start-Date: 2025-02-16  20:52:04 ; End-Date: 2025-02-16  20:52:06
Commandline: apt-get install --reinstall e2fsprogs ; Start-Date: 2025-02-16  20:52:09 ; End-Date: 2025-02-16  20:52:10
Commandline: apt-get install --reinstall findutils ; Start-Date: 2025-02-16  20:52:13 ; End-Date: 2025-02-16  20:52:14
Commandline: apt-get install --reinstall gcc-14-base:amd64 ; Start-Date: 2025-02-16  20:52:17 ; End-Date: 2025-02-16  20:52:18
Commandline: apt-get install --reinstall gpgv ; Start-Date: 2025-02-16  20:52:21 ; End-Date: 2025-02-16  20:52:23
Commandline: apt-get install --reinstall grep ; Start-Date: 2025-02-16  20:52:25 ; End-Date: 2025-02-16  20:52:27
Commandline: apt-get install --reinstall gzip ; Start-Date: 2025-02-16  20:52:29 ; End-Date: 2025-02-16  20:52:31
Commandline: apt-get install --reinstall hostname ; Start-Date: 2025-02-16  20:52:34 ; End-Date: 2025-02-16  20:52:35
Commandline: apt-get install --reinstall init-system-helpers ; Start-Date: 2025-02-16  20:52:38 ; End-Date: 2025-02-16  20:52:39
Commandline: apt-get install --reinstall libacl1:amd64 ; Start-Date: 2025-02-16  20:52:42 ; End-Date: 2025-02-16  20:52:43
Commandline: apt-get install --reinstall libapt-pkg6.0t64:amd64 ; Start-Date: 2025-02-16  20:52:46 ; End-Date: 2025-02-16  20:52:47
Commandline: apt-get install --reinstall libassuan0:amd64 ; Start-Date: 2025-02-16  20:52:50 ; End-Date: 2025-02-16  20:52:51
Commandline: apt-get install --reinstall libattr1:amd64 ; Start-Date: 2025-02-16  20:52:54 ; End-Date: 2025-02-16  20:52:56
Commandline: apt-get install --reinstall libaudit-common ; Start-Date: 2025-02-16  20:52:58 ; End-Date: 2025-02-16  20:53:00
Commandline: apt-get install --reinstall libaudit1:amd64 ; Start-Date: 2025-02-16  20:53:02 ; End-Date: 2025-02-16  20:53:04
Commandline: apt-get install --reinstall libblkid1:amd64 ; Start-Date: 2025-02-16  20:53:06 ; End-Date: 2025-02-16  20:53:08
Commandline: apt-get install --reinstall libbz2-1.0:amd64 ; Start-Date: 2025-02-16  20:53:11 ; End-Date: 2025-02-16  20:53:12
Commandline: apt-get install --reinstall libc-bin ; Start-Date: 2025-02-16  20:53:15 ; End-Date: 2025-02-16  20:53:17
Commandline: apt-get install --reinstall libc6:amd64 ; Start-Date: 2025-02-16  20:53:19 ; End-Date: 2025-02-16  20:53:22
Commandline: apt-get install --reinstall libcap-ng0:amd64 ; Start-Date: 2025-02-16  20:53:25 ; End-Date: 2025-02-16  20:53:26
Commandline: apt-get install --reinstall libcap2:amd64 ; Start-Date: 2025-02-16  20:53:29 ; End-Date: 2025-02-16  20:53:30
Commandline: apt-get install --reinstall libcom-err2:amd64 ; Start-Date: 2025-02-16  20:53:33 ; End-Date: 2025-02-16  20:53:34
Commandline: apt-get install --reinstall libcrypt1:amd64 ; Start-Date: 2025-02-16  20:53:37 ; End-Date: 2025-02-16  20:53:38
Commandline: apt-get install --reinstall libdebconfclient0:amd64 ; Start-Date: 2025-02-16  20:53:41 ; End-Date: 2025-02-16  20:53:42
Commandline: apt-get install --reinstall libext2fs2t64:amd64 ; Start-Date: 2025-02-16  20:53:45 ; End-Date: 2025-02-16  20:53:46
Commandline: apt-get install --reinstall libffi8:amd64 ; Start-Date: 2025-02-16  20:53:49 ; End-Date: 2025-02-16  20:53:50
Commandline: apt-get install --reinstall libgcc-s1:amd64 ; Start-Date: 2025-02-16  20:53:53 ; End-Date: 2025-02-16  20:53:54
Commandline: apt-get install --reinstall libgcrypt20:amd64 ; Start-Date: 2025-02-16  20:53:57 ; End-Date: 2025-02-16  20:53:59
Commandline: apt-get install --reinstall libgmp10:amd64 ; Start-Date: 2025-02-16  20:54:01 ; End-Date: 2025-02-16  20:54:03
Commandline: apt-get install --reinstall libgnutls30t64:amd64 ; Start-Date: 2025-02-16  20:54:05 ; End-Date: 2025-02-16  20:54:07
Commandline: apt-get install --reinstall libgpg-error0:amd64 ; Start-Date: 2025-02-16  20:54:10 ; End-Date: 2025-02-16  20:54:11
Commandline: apt-get install --reinstall libhogweed6t64:amd64 ; Start-Date: 2025-02-16  20:54:14 ; End-Date: 2025-02-16  20:54:15
Commandline: apt-get install --reinstall libidn2-0:amd64 ; Start-Date: 2025-02-16  20:54:18 ; End-Date: 2025-02-16  20:54:19
Commandline: apt-get install --reinstall liblz4-1:amd64 ; Start-Date: 2025-02-16  20:54:22 ; End-Date: 2025-02-16  20:54:23
Commandline: apt-get install --reinstall liblzma5:amd64 ; Start-Date: 2025-02-16  20:54:26 ; End-Date: 2025-02-16  20:54:27
Commandline: apt-get install --reinstall libmd0:amd64 ; Start-Date: 2025-02-16  20:54:30 ; End-Date: 2025-02-16  20:54:32
Commandline: apt-get install --reinstall libmount1:amd64 ; Start-Date: 2025-02-16  20:54:34 ; End-Date: 2025-02-16  20:54:36
Commandline: apt-get install --reinstall libncursesw6:amd64 ; Start-Date: 2025-02-16  20:54:38 ; End-Date: 2025-02-16  20:54:39
Commandline: apt-get install --reinstall libnettle8t64:amd64 ; Start-Date: 2025-02-16  20:54:42 ; End-Date: 2025-02-16  20:54:43
Commandline: apt-get install --reinstall libnpth0t64:amd64 ; Start-Date: 2025-02-16  20:54:46 ; End-Date: 2025-02-16  20:54:48
Commandline: apt-get install --reinstall libp11-kit0:amd64 ; Start-Date: 2025-02-16  20:54:50 ; End-Date: 2025-02-16  20:54:52
Commandline: apt-get install --reinstall libpam-modules:amd64 ; Start-Date: 2025-02-16  20:54:54 ; End-Date: 2025-02-16  20:54:56
Commandline: apt-get install --reinstall libpam-modules-bin ; Start-Date: 2025-02-16  20:54:58 ; End-Date: 2025-02-16  20:55:00
Commandline: apt-get install --reinstall libpam-runtime ; Start-Date: 2025-02-16  20:55:03 ; End-Date: 2025-02-16  20:55:04
Commandline: apt-get install --reinstall libpam0g:amd64 ; Start-Date: 2025-02-16  20:55:07 ; End-Date: 2025-02-16  20:55:08
Commandline: apt-get install --reinstall libpcre2-8-0:amd64 ; Start-Date: 2025-02-16  20:55:11 ; End-Date: 2025-02-16  20:55:12
Commandline: apt-get install --reinstall libproc2-0:amd64 ; Start-Date: 2025-02-16  20:55:15 ; End-Date: 2025-02-16  20:55:16
Commandline: apt-get install --reinstall libseccomp2:amd64 ; Start-Date: 2025-02-16  20:55:19 ; End-Date: 2025-02-16  20:55:20
Commandline: apt-get install --reinstall libselinux1:amd64 ; Start-Date: 2025-02-16  20:55:23 ; End-Date: 2025-02-16  20:55:24
Commandline: apt-get install --reinstall libsemanage-common ; Start-Date: 2025-02-16  20:55:27 ; End-Date: 2025-02-16  20:55:28
Commandline: apt-get install --reinstall libsemanage2:amd64 ; Start-Date: 2025-02-16  20:55:31 ; End-Date: 2025-02-16  20:55:32
Commandline: apt-get install --reinstall libsepol2:amd64 ; Start-Date: 2025-02-16  20:55:35 ; End-Date: 2025-02-16  20:55:36
Commandline: apt-get install --reinstall libsmartcols1:amd64 ; Start-Date: 2025-02-16  20:55:38 ; End-Date: 2025-02-16  20:55:40
Commandline: apt-get install --reinstall libss2:amd64 ; Start-Date: 2025-02-16  20:55:42 ; End-Date: 2025-02-16  20:55:44
Commandline: apt-get install --reinstall libssl3t64:amd64 ; Start-Date: 2025-02-16  20:55:46 ; End-Date: 2025-02-16  20:55:48
Commandline: apt-get install --reinstall libstdc++6:amd64 ; Start-Date: 2025-02-16  20:55:51 ; End-Date: 2025-02-16  20:55:52
Commandline: apt-get install --reinstall libsystemd0:amd64 ; Start-Date: 2025-02-16  20:55:55 ; End-Date: 2025-02-16  20:55:56
Commandline: apt-get install --reinstall libtasn1-6:amd64 ; Start-Date: 2025-02-16  20:55:59 ; End-Date: 2025-02-16  20:56:00
Commandline: apt-get install --reinstall libtinfo6:amd64 ; Start-Date: 2025-02-16  20:56:03 ; End-Date: 2025-02-16  20:56:04
Commandline: apt-get install --reinstall libudev1:amd64 ; Start-Date: 2025-02-16  20:56:07 ; End-Date: 2025-02-16  20:56:08
Commandline: apt-get install --reinstall libunistring5:amd64 ; Start-Date: 2025-02-16  20:56:11 ; End-Date: 2025-02-16  20:56:13
Commandline: apt-get install --reinstall libuuid1:amd64 ; Start-Date: 2025-02-16  20:56:15 ; End-Date: 2025-02-16  20:56:17
Commandline: apt-get install --reinstall libxxhash0:amd64 ; Start-Date: 2025-02-16  20:56:19 ; End-Date: 2025-02-16  20:56:21
Commandline: apt-get install --reinstall libzstd1:amd64 ; Start-Date: 2025-02-16  20:56:23 ; End-Date: 2025-02-16  20:56:25
Commandline: apt-get install --reinstall login ; Start-Date: 2025-02-16  20:56:28 ; End-Date: 2025-02-16  20:56:29
Commandline: apt-get install --reinstall logsave ; Start-Date: 2025-02-16  20:56:32 ; End-Date: 2025-02-16  20:56:33
Commandline: apt-get install --reinstall mawk ; Start-Date: 2025-02-16  20:56:36 ; End-Date: 2025-02-16  20:56:37
Commandline: apt-get install --reinstall mount ; Start-Date: 2025-02-16  20:56:39 ; End-Date: 2025-02-16  20:56:41
Commandline: apt-get install --reinstall ncurses-base ; Start-Date: 2025-02-16  20:56:43 ; End-Date: 2025-02-16  20:56:45
Commandline: apt-get install --reinstall ncurses-bin ; Start-Date: 2025-02-16  20:56:47 ; End-Date: 2025-02-16  20:56:49
Commandline: apt-get install --reinstall passwd ; Start-Date: 2025-02-16  20:56:52 ; End-Date: 2025-02-16  20:56:53
Commandline: apt-get install --reinstall perl-base ; Start-Date: 2025-02-16  20:56:55 ; End-Date: 2025-02-16  20:56:57
Commandline: apt-get install --reinstall procps ; Start-Date: 2025-02-16  20:57:00 ; End-Date: 2025-02-16  20:57:01
Commandline: apt-get install --reinstall sed ; Start-Date: 2025-02-16  20:57:04 ; End-Date: 2025-02-16  20:57:05
Commandline: apt-get install --reinstall sensible-utils ; Start-Date: 2025-02-16  20:57:08 ; End-Date: 2025-02-16  20:57:09
Commandline: apt-get install --reinstall sysvinit-utils ; Start-Date: 2025-02-16  20:57:12 ; End-Date: 2025-02-16  20:57:13
Commandline: apt-get install --reinstall tar ; Start-Date: 2025-02-16  20:57:16 ; End-Date: 2025-02-16  20:57:17
Commandline: apt-get install --reinstall ubuntu-keyring ; Start-Date: 2025-02-16  20:57:20 ; End-Date: 2025-02-16  20:57:21
Commandline: apt-get install --reinstall util-linux ; Start-Date: 2025-02-16  20:57:24 ; End-Date: 2025-02-16  20:57:26
Commandline: apt-get install --reinstall zlib1g:amd64 ; Start-Date: 2025-02-16  20:57:28 ; End-Date: 2025-02-16  20:57:30
Commandline: apt-get --yes -oDebug::pkgDepCache::AutoInstall=yes --force-yes upgrade ; Start-Date: 2025-02-16  20:57:34 ; End-Date: 2025-02-16  20:57:38
Commandline: apt-get --yes -oDebug::pkgDepCache::AutoInstall=yes --force-yes dist-upgrade ; Start-Date: 2025-02-16  20:57:39 ; End-Date: 2025-02-16  20:57:39
Commandline: apt-get --yes -oDebug::pkgDepCache::AutoInstall=yes install adduser apparmor apport apport-core-dump-handler apt base-passwd bcache-tools btrfs-progs busybox-initramfs ca-certificates cloud-guest-utils cloud-init coreutils cpio cryptsetup cryptsetup-bin curl dbus dbus-bin dbus-daemon dbus-session-bus-common dbus-system-bus-common dbus-user-session debconf dhcpcd-base distro-info-data dmeventd dmsetup dpkg dracut-install e2fsprogs ethtool fdisk fuse3 gawk gcc-14-base gettext-base gir1.2-girepository-2.0 gir1.2-glib-2.0 gpgv init-system-helpers initramfs-tools initramfs-tools-bin initramfs-tools-core iproute2 klibc-utils kmod kpartx libacl1 libaio1t64 libapparmor1 libapt-pkg6.0t64 libargon2-1 libassuan0 libattr1 libaudit-common libaudit1 libblkid1 libbpf1 libbrotli1 libbsd0 libbz2-1.0 libc6 libcap-ng0 libcap2 libcap2-bin libcbor0.10 libcom-err2 libcrypt1 libcryptsetup12 libcurl4t64 libdb5.3t64 libdbus-1-3 libdebconfclient0 libdevmapper-event1.02.1 libdevmapper1.02.1 libdrm-common libdrm2 libedit2 libelf1t64 libexpat1 libext2fs2t64 libfdisk1 libffi8 libfido2-1 libfuse3-3 libgcc-s1 libgcrypt20 libgdbm-compat4t64 libgdbm6t64 libgirepository-1.0-1 libglib2.0-0t64 libgmp10 libgnutls30t64 libgpg-error0 libgssapi-krb5-2 libhogweed6t64 libicu74 libidn2-0 libinih1 libintl-perl libisns0t64 libjson-c5 libk5crypto3 libkeyutils1 libklibc libkmod2 libkrb5-3 libkrb5support0 libldap2 liblvm2cmd2.03 liblz4-1 liblzma5 liblzo2-2 libmd0 libmnl0 libmodule-find-perl libmodule-scandeps-perl libmount1 libmpfr6 libncursesw6 libnetplan1 libnettle8t64 libnghttp2-14 libnpth0t64 libopeniscsiusr libp11-kit0 libpam-modules libpam-modules-bin libpam-runtime libpam-systemd libpam0g libpci3 libpcre2-8-0 libperl5.38t64 libpopt0 libproc-processtable-perl libproc2-0 libpsl5t64 libpython3-stdlib libpython3.12-minimal libpython3.12-stdlib libreadline8t64 libreiserfscore0t64 librtmp1 libsasl2-2 libsasl2-modules-db libseccomp2 libselinux1 libsemanage-common libsemanage2 libsepol2 libsgutils2-1.46-2 libsigsegv2 libsmartcols1 libsort-naturally-perl libsqlite3-0 libss2 libssh-4 libssl3t64 libstdc++6 libsystemd-shared libsystemd0 libtasn1-6 libterm-readkey-perl libtinfo6 libtirpc-common libtirpc3t64 libudev1 libunistring5 liburcu8t64 libusb-1.0-0 libuuid1 libxtables12 libxxhash0 libyaml-0-2 libzstd1 linux-base logsave lsb-base lsb-release lvm2 mdadm media-types mount multipath-tools needrestart netbase netplan-generator netplan.io open-iscsi openssh-client openssl passwd pci.ids pciutils perl perl-base perl-modules-5.38 pollinate procps python-apt-common python3 python3-apport python3-apt python3-attr python3-blinker python3-certifi python3-cffi-backend python3-chardet python3-click python3-colorama python3-configobj python3-cryptography python3-dbus python3-debconf python3-distro python3-distro-info python3-distupgrade python3-gi python3-httplib2 python3-idna python3-jinja2 python3-json-pointer python3-jsonpatch python3-jsonschema python3-jwt python3-launchpadlib python3-lazr.restfulclient python3-lazr.uri python3-markupsafe python3-minimal python3-netplan python3-oauthlib python3-pkg-resources python3-problem-report python3-pyparsing python3-pyrsistent python3-requests python3-serial python3-six python3-update-manager python3-urllib3 python3-wadllib python3-xkit python3-yaml python3.12 python3.12-minimal readline-common sed sensible-utils sg3-utils sg3-utils-udev snapd squashfs-tools sudo systemd systemd-dev systemd-resolved systemd-sysv sysvinit-utils tar tzdata ubuntu-drivers-common ubuntu-keyring ubuntu-release-upgrader-core ubuntu-server-minimal ucf udev unattended-upgrades unminimize usbutils xfsprogs xxd xz-utils zlib1g lxd-installer ; Start-Date: 2025-02-16  20:57:42 ; End-Date: 2025-02-16  20:58:20
Commandline: apt-get install --reinstall -y gdisk zstd unattended-upgrades xfsprogs multipath-tools kpartx cloud-init squashfs-tools sg3-utils pollinate packagekit-tools polkitd xml-core needrestart mdadm lvm2 libterm-readkey-perl libsort-naturally-perl libproc-processtable-perl:amd64 libmodule-scandeps-perl libmodule-find-perl libldap-common libintl-xs-perl libintl-perl libglib2.0-bin gpg-wks-client gnupg keyboxd gpgsm gpg-agent pinentry-curses gpg gnupg-utils finalrd fdisk eatmydata dmeventd dirmngr gpgconf curl initramfs-tools linux-base initramfs-tools-core cryptsetup cryptsetup-bin btrfs-progs bcache-tools appstream libsasl2-2:amd64 xz-utils xauth ubuntu-release-upgrader-core plymouth openssh-client libx11-data libedit2:amd64 groff-base gettext-base fuse3 cpio apparmor xxd xdg-user-dirs ucf systemd-timesyncd systemd-resolved sudo shared-mime-info python3-pygments networkd-dispatcher netplan.io cloud-guest-utils thin-provisioning-tools software-properties-common snapd iproute2 libcap2-bin libtirpc-common libpam-systemd:amd64 coreutils ncurses-bin mawk libsemanage-common bash base-passwd tar sysvinit-utils sensible-utils sed apt init-system-helpers hostname gzip grep gpgv findutils diffutils debconf debianutils dash adduser kmod usbutils pciutils sgml-base perl libperl5.38t64:amd64 dmsetup dhcpcd-base open-iscsi udev gawk python3-chardet lsb-release dbus-daemon dbus-bin systemd-sysv systemd python3 python3.12 readline-common ethtool netplan-generator libpam-cap:amd64 libnss-systemd:amd64 console-setup keyboard-configuration xkb-data liblocale-gettext-perl kbd ca-certificates openssl libpam-modules:amd64 python3-minimal python3.12-minimal procps passwd libpam-modules-bin logsave libpam-runtime libaudit-common mount e2fsprogs util-linux perl-base bsdutils apport libc-bin base-files login dpkg ; Start-Date: 2025-02-16  20:58:40 ; End-Date: 2025-02-16  20:59:23
Commandline: apt-get install --reinstall -y cryptsetup-initramfs dbus dbus-session-bus-common dbus-system-bus-common distro-info-data dracut-install gcc-14-base:amd64 gnupg-l10n iso-codes libapt-pkg6.0t64:amd64 libc6:amd64 libcbor0.10:amd64 libcryptsetup12:amd64 libdb5.3t64:amd64 libdbus-1-3:amd64 libexpat1:amd64 libfuse3-3:amd64 libgcrypt20:amd64 libglib2.0-0t64:amd64 libgmp10:amd64 libgnutls30t64:amd64 libgpg-error0:amd64 libidn2-0:amd64 libjson-c5:amd64 libklibc:amd64 libkrb5-3:amd64 libksba8:amd64 libldap2:amd64 liblzma5:amd64 liblzo2-2:amd64 libmpfr6:amd64 libnettle8t64:amd64 libnghttp2-14:amd64 libopeniscsiusr libp11-kit0:amd64 libpam0g:amd64 libpcre2-8-0:amd64 libpng16-16t64:amd64 libpolkit-gobject-1-0:amd64 libpopt0:amd64 libproc2-0:amd64 libpython3-stdlib:amd64 libpython3.12-minimal:amd64 libreadline8t64:amd64 libsigsegv2:amd64 libsqlite3-0:amd64 libssh-4:amd64 libstemmer0d:amd64 libsystemd-shared:amd64 libsystemd0:amd64 libtasn1-6:amd64 libtirpc3t64:amd64 libudev1:amd64 libusb-1.0-0:amd64 libxml2:amd64 libxtables12:amd64 lsb-base ncurses-base packagekit perl-modules-5.38 publicsuffix python3-babel python3-certifi python3-colorama python3-dbus python3-gi python3-httplib2 python3-json-pointer python3-jsonpatch python3-jwt python3-launchpadlib python3-lazr.restfulclient python3-lazr.uri python3-markdown-it python3-oauthlib python3-pkg-resources python3-requests python3-rich python3-serial python3-software-properties python3-tz python3-wadllib python3-yaml systemd-dev tzdata ubuntu-drivers-common ; Start-Date: 2025-02-16  20:59:26 ; End-Date: 2025-02-16  20:59:43
Commandline: apt-get install -y ubuntu-minimal ubuntu-standard ; Start-Date: 2025-02-16  20:59:50 ; End-Date: 2025-02-16  21:00:01
Commandline: apt-get -y --fix-policy install ; Start-Date: 2025-02-16  21:00:04 ; End-Date: 2025-02-16  21:00:04
Commandline: apt-get --yes -oDebug::pkgDepCache::AutoInstall=yes install adduser apparmor apport apport-core-dump-handler apport-symptoms appstream apt apt-utils base-files base-passwd bash bash-completion bc bcache-tools bind9-dnsutils bind9-host bind9-libs bolt bsdextrautils bsdutils btrfs-progs busybox-initramfs busybox-static byobu ca-certificates cloud-guest-utils cloud-initramfs-copymods cloud-initramfs-dyn-netconf command-not-found console-setup console-setup-linux coreutils cpio cron cron-daemon-common cryptsetup cryptsetup-bin cryptsetup-initramfs curl dash dbus dbus-bin dbus-daemon dbus-session-bus-common dbus-system-bus-common dbus-user-session debconf debconf-i18n debianutils dhcpcd-base diffutils dirmngr distro-info distro-info-data dmeventd dmidecode dmsetup dosfstools dpkg dracut-install e2fsprogs ed eject ethtool fdisk file finalrd findutils fonts-ubuntu-console friendly-recovery ftp fuse3 fwupd fwupd-signed gawk gcc-14-base gdisk gettext-base gir1.2-girepository-2.0 gir1.2-glib-2.0 gir1.2-packagekitglib-1.0 git git-man gnupg gnupg-l10n gnupg-utils gpg gpg-agent gpg-wks-client gpgconf gpgsm gpgv grep groff-base gzip hdparm hostname htop ibverbs-providers inetutils-telnet info init init-system-helpers initramfs-tools initramfs-tools-bin initramfs-tools-core install-info iproute2 iptables iputils-ping iputils-tracepath iso-codes jq kbd keyboard-configuration keyboxd klibc-utils kmod kpartx krb5-locales landscape-common less libacl1 libaio1t64 libapparmor1 libappstream5 libapt-pkg6.0t64 libarchive13t64 libargon2-1 libassuan0 libatasmart4 libatm1t64 libattr1 libaudit-common libaudit1 libblkid1 libblockdev-crypto3 libblockdev-fs3 libblockdev-loop3 libblockdev-mdraid3 libblockdev-nvme3 libblockdev-part3 libblockdev-swap3 libblockdev-utils3 libblockdev3 libbpf1 libbrotli1 libbsd0 libbytesize-common libbytesize1 libbz2-1.0 libc-bin libc6 libcap-ng0 libcap2 libcap2-bin libcbor0.10 libcom-err2 libcrypt1 libcryptsetup12 libcurl3t64-gnutls libcurl4t64 libdb5.3t64 libdbus-1-3 libdebconfclient0 libdevmapper-event1.02.1 libdevmapper1.02.1 libdrm-common libdrm2 libduktape207 libdw1t64 libedit2 libelf1t64 liberror-perl libestr0 libevdev2 libevent-core-2.1-7t64 libexpat1 libext2fs2t64 libfastjson4 libfdisk1 libffi8 libfido2-1 libflashrom1 libfribidi0 libftdi1-2 libfuse3-3 libfwupd2 libgcc-s1 libgcrypt20 libgdbm-compat4t64 libgdbm6t64 libgirepository-1.0-1 libglib2.0-0t64 libglib2.0-bin libglib2.0-data libgmp10 libgnutls30t64 libgpg-error0 libgpgme11t64 libgpm2 libgssapi-krb5-2 libgstreamer1.0-0 libgudev-1.0-0 libgusb2 libhogweed6t64 libibverbs1 libicu74 libidn2-0 libinih1 libintl-perl libintl-xs-perl libip4tc2 libip6tc2 libisns0t64 libjansson4 libjcat1 libjq1 libjson-c5 libjson-glib-1.0-0 libjson-glib-1.0-common libk5crypto3 libkeyutils1 libklibc libkmod2 libkrb5-3 libkrb5support0 libksba8 libldap-common libldap2 liblmdb0 liblocale-gettext-perl liblvm2cmd2.03 liblz4-1 liblzma5 liblzo2-2 libmagic-mgc libmagic1t64 libmaxminddb0 libmbim-glib4 libmbim-proxy libmbim-utils libmd0 libmm-glib0 libmnl0 libmodule-find-perl libmodule-scandeps-perl libmount1 libmpfr6 libmspack0t64 libncurses6 libncursesw6 libnetfilter-conntrack3 libnetplan1 libnettle8t64 libnewt0.52 libnfnetlink0 libnftables1 libnftnl11 libnghttp2-14 libnl-3-200 libnl-genl-3-200 libnl-route-3-200 libnpth0t64 libnspr4 libnss-systemd libnss3 libntfs-3g89t64 libnuma1 libnvme1t64 libonig5 libopeniscsiusr libp11-kit0 libpackagekit-glib2-18 libpam-cap libpam-modules libpam-modules-bin libpam-runtime libpam-systemd libpam0g libparted2t64 libpcap0.8t64 libpci3 libpcre2-8-0 libperl5.38t64 libpipeline1 libplymouth5 libpng16-16t64 libpolkit-agent-1-0 libpolkit-gobject-1-0 libpopt0 libproc-processtable-perl libproc2-0 libprotobuf-c1 libpsl5t64 libpython3-stdlib libpython3.12-minimal libpython3.12-stdlib libpython3.12t64 libqmi-glib5 libqmi-proxy libqmi-utils libqrtr-glib0 libreadline8t64 libreiserfscore0t64 librtmp1 libsasl2-2 libsasl2-modules libsasl2-modules-db libseccomp2 libselinux1 libsemanage-common libsemanage2 libsensors-config libsensors5 libsepol2 libsgutils2-1.46-2 libsigsegv2 libslang2 libsmartcols1 libsodium23 libsort-naturally-perl libsqlite3-0 libss2 libssh-4 libssl3t64 libstdc++6 libstemmer0d libsystemd-shared libsystemd0 libtasn1-6 libtcl8.6 libterm-readkey-perl libtext-charwidth-perl libtext-iconv-perl libtext-wrapi18n-perl libtinfo6 libtirpc-common libtirpc3t64 libtraceevent1 libtraceevent1-plugin libtracefs1 libtss2-esys-3.0.2-0t64 libtss2-mu-4.0.1-0t64 libtss2-sys1t64 libtss2-tcti-cmd0t64 libtss2-tcti-device0t64 libtss2-tcti-mssim0t64 libtss2-tcti-swtpm0t64 libuchardet0 libudev1 libudisks2-0 libunistring5 libunwind8 liburcu8t64 libusb-1.0-0 libutempter0 libuuid1 libuv1t64 libvolume-key1 libx11-6 libx11-data libxau6 libxcb1 libxdmcp6 libxext6 libxkbcommon0 libxml2 libxmlb2 libxmlsec1t64 libxmlsec1t64-openssl libxmuu1 libxslt1.1 libxtables12 libxxhash0 libyaml-0-2 libzstd1 linux-base locales login logrotate logsave lsb-release lshw lsof lvm2 lxd-agent-loader lxd-installer man-db manpages mawk mdadm media-types modemmanager motd-news-config mount mtr-tiny multipath-tools nano ncurses-base ncurses-bin needrestart netbase netcat-openbsd netplan-generator netplan.io networkd-dispatcher nftables ntfs-3g numactl open-iscsi open-vm-tools openssh-client openssl overlayroot packagekit packagekit-tools parted passwd pastebinit patch pci.ids pciutils perl perl-base perl-modules-5.38 pinentry-curses plymouth plymouth-theme-ubuntu-text polkitd pollinate powermgmt-base procps psmisc publicsuffix python-apt-common python3 python3-apport python3-apt python3-attr python3-automat python3-bcrypt python3-blinker python3-boto3 python3-botocore python3-certifi python3-cffi-backend python3-chardet python3-click python3-colorama python3-commandnotfound python3-configobj python3-constantly python3-cryptography python3-dateutil python3-dbus python3-debconf python3-debian python3-distro python3-distro-info python3-distupgrade python3-gdbm python3-gi python3-hamcrest python3-httplib2 python3-hyperlink python3-idna python3-incremental python3-jmespath python3-jwt python3-launchpadlib python3-lazr.restfulclient python3-lazr.uri python3-magic python3-markdown-it python3-mdurl python3-minimal python3-netifaces python3-netplan python3-newt python3-oauthlib python3-openssl python3-packaging python3-pexpect python3-pkg-resources python3-problem-report python3-ptyprocess python3-pyasn1 python3-pyasn1-modules python3-pygments python3-pyparsing python3-requests python3-rich python3-s3transfer python3-service-identity python3-setuptools python3-six python3-software-properties python3-systemd python3-twisted python3-update-manager python3-urllib3 python3-wadllib python3-yaml python3-zope.interface python3.12 python3.12-minimal readline-common rsync rsyslog run-one sbsigntool screen secureboot-db sed sensible-utils sg3-utils sg3-utils-udev sgml-base shared-mime-info snapd software-properties-common sosreport squashfs-tools strace sudo sysstat systemd systemd-dev systemd-hwe-hwdb systemd-resolved systemd-sysv systemd-timesyncd sysvinit-utils tar tcl tcl8.6 tcpdump telnet thin-provisioning-tools time tmux tnftp tpm-udev trace-cmd tzdata ubuntu-keyring ubuntu-minimal ubuntu-pro-client ubuntu-pro-client-l10n ubuntu-release-upgrader-core ubuntu-server ubuntu-standard ucf udev udisks2 ufw unattended-upgrades update-manager-core update-notifier-common usb-modeswitch usb-modeswitch-data usb.ids usbutils util-linux uuid-runtime vim vim-common vim-runtime vim-tiny wget whiptail xauth xdg-user-dirs xfsprogs xkb-data xml-core xxd xz-utils zerofree zlib1g zstd cloud-init ; Start-Date: 2025-02-16  21:00:10 ; End-Date: 2025-02-16  21:00:28
Commandline: apt-get --quiet --assume-yes --option=Dpkg::options::=--force-unsafe-io --option=Dpkg::Options::=--force-confold install grub-pc ; Start-Date: 2025-03-12  18:07:37 ; End-Date: 2025-03-12  18:08:03
Commandline: apt-get --quiet --assume-yes --option=Dpkg::options::=--force-unsafe-io --option=Dpkg::Options::=--force-confold install linux-generic ; Start-Date: 2025-03-12  18:08:37 ; End-Date: 2025-03-12  18:11:58
Commandline: apt-get --quiet --assume-yes --option=Dpkg::options::=--force-unsafe-io --option=Dpkg::Options::=--force-confold install openssh-server ; Start-Date: 2025-03-12  18:12:45 ; End-Date: 2025-03-12  18:13:11
Commandline: /usr/bin/unattended-upgrades -v ; Start-Date: 2025-03-12  18:13:21 ; End-Date: 2025-03-12  18:14:11
Commandline: apt dist-upgrade ; Start-Date: 2025-03-12  18:19:08 ; End-Date: 2025-03-12  18:21:04
Commandline: apt install vim qemu-guest-agent ; Start-Date: 2025-03-12  18:21:23 ; End-Date: 2025-03-12  18:21:31
Commandline: apt install -y gcc ; Start-Date: 2026-07-08  09:31:09 ; End-Date: 2026-07-08  09:32:29
Commandline: /usr/bin/unattended-upgrade ; Start-Date: 2026-07-09  06:21:10 ; End-Date: 2026-07-09  06:23:21
Commandline: /usr/bin/unattended-upgrade ; Start-Date: 2026-07-09  06:23:32 ; End-Date: 2026-07-09  06:27:34
Commandline: /usr/bin/unattended-upgrade ; Start-Date: 2026-07-09  06:27:38 ; End-Date: 2026-07-09  06:30:21
Commandline: /usr/bin/unattended-upgrade ; Start-Date: 2026-07-09  06:30:25 ; End-Date: 2026-07-09  06:36:48
Commandline: /usr/bin/unattended-upgrade ; Start-Date: 2026-07-09  06:36:51 ; End-Date: 2026-07-09  06:37:23
Commandline: /usr/bin/unattended-upgrade ; Start-Date: 2026-07-09  06:37:28 ; End-Date: 2026-07-09  06:38:43
Commandline: /usr/bin/unattended-upgrade ; Start-Date: 2026-07-09  06:38:45 ; End-Date: 2026-07-09  06:40:23
Commandline: /usr/bin/unattended-upgrade ; Start-Date: 2026-07-09  06:40:28 ; End-Date: 2026-07-09  06:42:24
Commandline: /usr/bin/unattended-upgrade ; Start-Date: 2026-07-09  06:42:28 ; End-Date: 2026-07-09  06:51:22
Commandline: /usr/bin/unattended-upgrade ; Start-Date: 2026-07-09  06:51:29 ; End-Date: 2026-07-09  07:13:30
Commandline: /usr/bin/unattended-upgrade ; Start-Date: 2026-07-09  07:13:39 ; End-Date: 2026-07-09  07:17:58
Commandline: /usr/bin/unattended-upgrade ; Start-Date: 2026-07-09  07:18:11 ; End-Date: 2026-07-09  07:22:38
Commandline: /usr/bin/unattended-upgrade ; Start-Date: 2026-07-09  07:22:45 ; End-Date: 2026-07-09  07:27:04
Commandline: /usr/bin/unattended-upgrade ; Start-Date: 2026-07-09  07:27:10 ; End-Date: 2026-07-09  07:35:39
Commandline: /usr/bin/unattended-upgrade ; Start-Date: 2026-07-09  07:35:46 ; End-Date: 2026-07-09  07:51:25
Commandline: /usr/bin/unattended-upgrade ; Start-Date: 2026-07-09  07:51:40 ; End-Date: 2026-07-09  07:56:48
Commandline: /usr/bin/unattended-upgrade ; Start-Date: 2026-07-09  07:56:56 ; End-Date: 2026-07-09  07:58:16
Commandline: /usr/bin/unattended-upgrade ; Start-Date: 2026-07-09  07:58:45 ; End-Date: 2026-07-09  08:03:42
Commandline: /usr/bin/unattended-upgrade ; Start-Date: 2026-07-09  08:03:47 ; End-Date: 2026-07-09  08:07:46
Commandline: /usr/bin/unattended-upgrade ; Start-Date: 2026-07-09  08:07:51 ; End-Date: 2026-07-09  08:09:11
Commandline: /usr/bin/unattended-upgrade ; Start-Date: 2026-07-09  08:09:33 ; End-Date: 2026-07-09  08:11:36
Commandline: /usr/bin/unattended-upgrade ; Start-Date: 2026-07-09  08:11:42 ; End-Date: 2026-07-09  08:13:57
Commandline: /usr/bin/unattended-upgrade ; Start-Date: 2026-07-09  08:14:04 ; End-Date: 2026-07-09  08:21:03
Commandline: /usr/bin/unattended-upgrade ; Start-Date: 2026-07-09  08:21:07 ; End-Date: 2026-07-09  08:23:43
Commandline: /usr/bin/unattended-upgrade ; Start-Date: 2026-07-09  08:23:58 ; End-Date: 2026-07-09  08:31:27
Commandline: /usr/bin/unattended-upgrade ; Start-Date: 2026-07-09  08:31:38 ; End-Date: 2026-07-09  09:46:06
Commandline: /usr/bin/unattended-upgrade ; Start-Date: 2026-07-09  09:46:19 ; End-Date: 2026-07-09  10:12:15
Commandline: /usr/bin/unattended-upgrade ; Start-Date: 2026-07-09  10:12:24 ; End-Date: 2026-07-09  10:16:27
Commandline: /usr/bin/unattended-upgrade ; Start-Date: 2026-07-09  10:16:44 ; End-Date: 2026-07-09  10:25:27
Commandline: /usr/bin/unattended-upgrade ; Start-Date: 2026-07-09  10:25:49 ; End-Date: 2026-07-09  10:27:21
Commandline: /usr/bin/unattended-upgrade ; Start-Date: 2026-07-09  10:27:28 ; End-Date: 2026-07-09  10:30:08
Commandline: /usr/bin/unattended-upgrade ; Start-Date: 2026-07-09  10:30:16 ; End-Date: 2026-07-09  10:34:43
Commandline: /usr/bin/unattended-upgrade ; Start-Date: 2026-07-09  10:34:49 ; End-Date: 2026-07-09  10:39:59
Commandline: /usr/bin/unattended-upgrade ; Start-Date: 2026-07-09  10:40:05 ; End-Date: 2026-07-09  10:43:03
Commandline: /usr/bin/unattended-upgrade ; Start-Date: 2026-07-09  10:43:16 ; End-Date: 2026-07-09  10:46:30
Commandline: /usr/bin/unattended-upgrade ; Start-Date: 2026-07-09  10:46:37 ; End-Date: 2026-07-09  10:47:56
Commandline: /usr/bin/unattended-upgrade ; Start-Date: 2026-07-09  10:48:01 ; End-Date: 2026-07-09  10:52:39
Commandline: /usr/bin/unattended-upgrade ; Start-Date: 2026-07-09  10:52:46 ; End-Date: 2026-07-09  10:57:18
Commandline: /usr/bin/unattended-upgrade ; Start-Date: 2026-07-09  10:57:28 ; End-Date: 2026-07-09  10:59:23
Commandline: /usr/bin/unattended-upgrade ; Start-Date: 2026-07-09  10:59:49 ; End-Date: 2026-07-09  11:09:50
Commandline: /usr/bin/unattended-upgrade ; Start-Date: 2026-07-09  11:10:05 ; End-Date: 2026-07-09  11:11:45
Commandline: /usr/bin/unattended-upgrade ; Start-Date: 2026-07-09  11:11:51 ; End-Date: 2026-07-09  11:14:19
Commandline: /usr/bin/unattended-upgrade ; Start-Date: 2026-07-09  11:14:23 ; End-Date: 2026-07-09  11:16:09
Commandline: /usr/bin/unattended-upgrade ; Start-Date: 2026-07-09  11:16:15 ; End-Date: 2026-07-09  11:17:28
Commandline: /usr/bin/unattended-upgrade ; Start-Date: 2026-07-09  11:17:34 ; End-Date: 2026-07-09  11:23:48
Commandline: /usr/bin/unattended-upgrade ; Start-Date: 2026-07-09  11:23:53 ; End-Date: 2026-07-09  11:26:00
Commandline: /usr/bin/unattended-upgrade ; Start-Date: 2026-07-09  11:26:07 ; End-Date: 2026-07-09  11:27:01
Commandline: /usr/bin/unattended-upgrade ; Start-Date: 2026-07-09  11:27:09 ; End-Date: 2026-07-09  11:28:26
Commandline: /usr/bin/unattended-upgrade ; Start-Date: 2026-07-09  11:28:33 ; End-Date: 2026-07-09  11:29:30
Commandline: /usr/bin/unattended-upgrade ; Start-Date: 2026-07-09  11:29:34 ; End-Date: 2026-07-09  11:32:55
Commandline: /usr/bin/unattended-upgrade ; Start-Date: 2026-07-09  11:33:25 ; End-Date: 2026-07-09  11:34:53
Commandline: /usr/bin/unattended-upgrade ; Start-Date: 2026-07-09  11:35:08 ; End-Date: 2026-07-09  11:37:26
Commandline: /usr/bin/unattended-upgrade ; Start-Date: 2026-07-09  11:37:31 ; End-Date: 2026-07-09  11:39:25
Commandline: /usr/bin/unattended-upgrade ; Start-Date: 2026-07-09  11:39:32 ; End-Date: 2026-07-09  11:45:27
Commandline: /usr/bin/unattended-upgrade ; Start-Date: 2026-07-09  11:45:40 ; End-Date: 2026-07-09  11:46:50
Commandline: /usr/bin/unattended-upgrade ; Start-Date: 2026-07-09  11:47:03 ; End-Date: 2026-07-09  11:50:15
Commandline: /usr/bin/unattended-upgrade ; Start-Date: 2026-07-09  11:50:21 ; End-Date: 2026-07-09  11:51:16
Commandline: /usr/bin/unattended-upgrade ; Start-Date: 2026-07-09  11:51:27 ; End-Date: 2026-07-09  11:54:10
Commandline: /usr/bin/unattended-upgrade ; Start-Date: 2026-07-09  11:54:30 ; End-Date: 2026-07-09  11:57:21
Commandline: /usr/bin/unattended-upgrade ; Start-Date: 2026-07-09  11:57:28 ; End-Date: 2026-07-09  11:58:30
Commandline: /usr/bin/unattended-upgrade ; Start-Date: 2026-07-09  11:58:34 ; End-Date: 2026-07-09  11:59:51
Commandline: /usr/bin/unattended-upgrade ; Start-Date: 2026-07-09  11:59:56 ; End-Date: 2026-07-09  12:00:35
Commandline: /usr/bin/unattended-upgrade ; Start-Date: 2026-07-09  12:00:48 ; End-Date: 2026-07-09  12:02:58
Commandline: /usr/bin/unattended-upgrade ; Start-Date: 2026-07-09  12:03:04 ; End-Date: 2026-07-09  12:03:54
Commandline: /usr/bin/unattended-upgrade ; Start-Date: 2026-07-09  12:03:59 ; End-Date: 2026-07-09  12:07:04
Commandline: /usr/bin/unattended-upgrade ; Start-Date: 2026-07-09  12:07:14 ; End-Date: 2026-07-09  12:08:18
Commandline: /usr/bin/unattended-upgrade ; Start-Date: 2026-07-09  12:08:22 ; End-Date: 2026-07-09  12:10:52
Commandline: /usr/bin/unattended-upgrade ; Start-Date: 2026-07-09  12:11:06 ; End-Date: 2026-07-09  12:12:32
Commandline: /usr/bin/unattended-upgrade ; Start-Date: 2026-07-09  12:12:44 ; End-Date: 2026-07-09  12:16:10
Commandline: /usr/bin/unattended-upgrade ; Start-Date: 2026-07-09  12:16:17 ; End-Date: 2026-07-09  12:20:30
Commandline: /usr/bin/unattended-upgrade ; Start-Date: 2026-07-09  12:20:35 ; End-Date: 2026-07-09  12:23:04
Commandline: /usr/bin/unattended-upgrade ; Start-Date: 2026-07-09  12:23:09 ; End-Date: 2026-07-09  12:24:54
Commandline: /usr/bin/unattended-upgrade ; Start-Date: 2026-07-09  12:24:59 ; End-Date: 2026-07-09  12:25:55
Commandline: /usr/bin/unattended-upgrade ; Start-Date: 2026-07-09  12:26:00 ; End-Date: 2026-07-09  12:27:38
Commandline: /usr/bin/unattended-upgrade ; Start-Date: 2026-07-09  12:28:01 ; End-Date: 2026-07-09  12:28:39
Commandline: /usr/bin/unattended-upgrade ; Start-Date: 2026-07-09  12:28:48 ; End-Date: 2026-07-09  12:29:11
Commandline: /usr/bin/unattended-upgrade ; Start-Date: 2026-07-09  12:29:17 ; End-Date: 2026-07-09  12:31:26
Commandline: /usr/bin/unattended-upgrade ; Start-Date: 2026-07-09  12:31:35 ; End-Date: 2026-07-09  12:32:42
Commandline: /usr/bin/unattended-upgrade ; Start-Date: 2026-07-09  12:32:55 ; End-Date: 2026-07-09  12:33:58
Commandline: apt install -y bzip2 ; Start-Date: 2026-07-10  05:13:00 ; End-Date: 2026-07-10  05:13:08
Commandline: apt install -y 7zip ; Start-Date: 2026-07-10  05:19:03 ; End-Date: 2026-07-10  05:19:07
Commandline: /usr/bin/unattended-upgrade ; Start-Date: 2026-07-10  06:01:13 ; End-Date: 2026-07-10  06:01:21
Commandline: /usr/bin/unattended-upgrade ; Start-Date: 2026-07-10  06:01:24 ; End-Date: 2026-07-10  06:01:27
Commandline: /usr/bin/unattended-upgrade ; Start-Date: 2026-07-15  06:15:27 ; End-Date: 2026-07-15  06:15:40
Commandline: /usr/bin/unattended-upgrade ; Start-Date: 2026-07-15  06:15:42 ; End-Date: 2026-07-15  06:15:44
+ echo

+ echo '===== РАЗДЕЛ 2 ЗАВЕРШЁН ====='
===== РАЗДЕЛ 2 ЗАВЕРШЁН =====

===== ИСПРАВЛЕННОЕ ЗАДАНИЕ 2 =====
CRON: pam_unix(cron:session): session closed for user root
CRON: pam_unix(cron:session): session closed for user root
CRON: pam_unix(cron:session): session closed for user root
CRON: pam_unix(cron:session): session closed for user root
CRON: pam_unix(cron:session): session closed for user root
CRON: pam_unix(cron:session): session closed for user root
CRON: pam_unix(cron:session): session closed for user root
CRON: pam_unix(cron:session): session closed for user root
CRON: pam_unix(cron:session): session closed for user root
CRON: pam_unix(cron:session): session closed for user root
CRON: pam_unix(cron:session): session closed for user root
CRON: pam_unix(cron:session): session closed for user root
CRON: pam_unix(cron:session): session closed for user root
CRON: pam_unix(cron:session): session closed for user root
CRON: pam_unix(cron:session): session closed for user root
CRON: pam_unix(cron:session): session closed for user root
CRON: pam_unix(cron:session): session closed for user root
CRON: pam_unix(cron:session): session closed for user root
